[0.248s] DEBUG:colcon:Command line arguments: ['/usr/bin/colcon', 'build']
[0.248s] DEBUG:colcon:Parsed command line arguments: Namespace(log_base=None, log_level=None, verb_name='build', build_base='build', install_base='install', merge_install=False, symlink_install=False, test_result_base=None, continue_on_error=False, executor='parallel', parallel_workers=2, event_handlers=None, ignore_user_meta=False, metas=['./colcon.meta'], base_paths=['.'], packages_ignore=None, packages_ignore_regex=None, paths=None, packages_up_to=None, packages_up_to_regex=None, packages_above=None, packages_above_and_dependencies=None, packages_above_depth=None, packages_select_by_dep=None, packages_skip_by_dep=None, packages_skip_up_to=None, packages_select_build_failed=False, packages_skip_build_finished=False, packages_select_test_failures=False, packages_skip_test_passed=False, packages_select=None, packages_skip=None, packages_select_regex=None, packages_skip_regex=None, packages_start=None, packages_end=None, allow_overriding=[], cmake_args=None, cmake_target=None, cmake_target_skip_unavailable=False, cmake_clean_cache=False, cmake_clean_first=False, cmake_force_configure=False, ament_cmake_args=None, catkin_cmake_args=None, catkin_skip_building_tests=False, verb_parser=<colcon_defaults.argument_parser.defaults.DefaultArgumentsDecorator object at 0x7b0f2f6a7ee0>, verb_extension=<colcon_core.verb.build.BuildVerb object at 0x7b0f2f6a79d0>, main=<bound method BuildVerb.main of <colcon_core.verb.build.BuildVerb object at 0x7b0f2f6a79d0>>)
[0.609s] Level 1:colcon.colcon_core.package_discovery:discover_packages(colcon_meta) check parameters
[0.609s] Level 1:colcon.colcon_core.package_discovery:discover_packages(recursive) check parameters
[0.609s] Level 1:colcon.colcon_core.package_discovery:discover_packages(ignore) check parameters
[0.609s] Level 1:colcon.colcon_core.package_discovery:discover_packages(path) check parameters
[0.609s] Level 1:colcon.colcon_core.package_discovery:discover_packages(colcon_meta) discover
[0.610s] Level 1:colcon.colcon_core.package_discovery:discover_packages(recursive) discover
[0.610s] INFO:colcon.colcon_core.package_discovery:Crawling recursively for packages in '/home/hell0/microros_ws'
[0.610s] Level 1:colcon.colcon_core.package_identification:_identify(.) by extensions ['ignore', 'ignore_ament_install']
[0.610s] Level 1:colcon.colcon_core.package_identification:_identify(.) by extension 'ignore'
[0.611s] Level 1:colcon.colcon_core.package_identification:_identify(.) by extension 'ignore_ament_install'
[0.611s] Level 1:colcon.colcon_core.package_identification:_identify(.) by extensions ['colcon_pkg']
[0.611s] Level 1:colcon.colcon_core.package_identification:_identify(.) by extension 'colcon_pkg'
[0.611s] Level 1:colcon.colcon_core.package_identification:_identify(.) by extensions ['colcon_meta']
[0.611s] Level 1:colcon.colcon_core.package_identification:_identify(.) by extension 'colcon_meta'
[0.611s] Level 1:colcon.colcon_core.package_identification:_identify(.) by extensions ['ros']
[0.611s] Level 1:colcon.colcon_core.package_identification:_identify(.) by extension 'ros'
[0.650s] Level 1:colcon.colcon_core.package_identification:_identify(.) by extensions ['cmake', 'python']
[0.651s] Level 1:colcon.colcon_core.package_identification:_identify(.) by extension 'cmake'
[0.651s] Level 1:colcon.colcon_core.package_identification:_identify(.) by extension 'python'
[0.651s] Level 1:colcon.colcon_core.package_identification:_identify(.) by extensions ['python_setup_py']
[0.651s] Level 1:colcon.colcon_core.package_identification:_identify(.) by extension 'python_setup_py'
[0.651s] Level 1:colcon.colcon_core.package_identification:_identify(build) by extensions ['ignore', 'ignore_ament_install']
[0.651s] Level 1:colcon.colcon_core.package_identification:_identify(build) by extension 'ignore'
[0.652s] Level 1:colcon.colcon_core.package_identification:_identify(build) ignored
[0.652s] Level 1:colcon.colcon_core.package_identification:_identify(install) by extensions ['ignore', 'ignore_ament_install']
[0.652s] Level 1:colcon.colcon_core.package_identification:_identify(install) by extension 'ignore'
[0.652s] Level 1:colcon.colcon_core.package_identification:_identify(install) ignored
[0.652s] Level 1:colcon.colcon_core.package_identification:_identify(log) by extensions ['ignore', 'ignore_ament_install']
[0.652s] Level 1:colcon.colcon_core.package_identification:_identify(log) by extension 'ignore'
[0.653s] Level 1:colcon.colcon_core.package_identification:_identify(log) ignored
[0.653s] Level 1:colcon.colcon_core.package_identification:_identify(src) by extensions ['ignore', 'ignore_ament_install']
[0.653s] Level 1:colcon.colcon_core.package_identification:_identify(src) by extension 'ignore'
[0.653s] Level 1:colcon.colcon_core.package_identification:_identify(src) by extension 'ignore_ament_install'
[0.653s] Level 1:colcon.colcon_core.package_identification:_identify(src) by extensions ['colcon_pkg']
[0.653s] Level 1:colcon.colcon_core.package_identification:_identify(src) by extension 'colcon_pkg'
[0.653s] Level 1:colcon.colcon_core.package_identification:_identify(src) by extensions ['colcon_meta']
[0.653s] Level 1:colcon.colcon_core.package_identification:_identify(src) by extension 'colcon_meta'
[0.653s] Level 1:colcon.colcon_core.package_identification:_identify(src) by extensions ['ros']
[0.653s] Level 1:colcon.colcon_core.package_identification:_identify(src) by extension 'ros'
[0.654s] Level 1:colcon.colcon_core.package_identification:_identify(src) by extensions ['cmake', 'python']
[0.657s] Level 1:colcon.colcon_core.package_identification:_identify(src) by extension 'cmake'
[0.658s] Level 1:colcon.colcon_core.package_identification:_identify(src) by extension 'python'
[0.658s] Level 1:colcon.colcon_core.package_identification:_identify(src) by extensions ['python_setup_py']
[0.658s] Level 1:colcon.colcon_core.package_identification:_identify(src) by extension 'python_setup_py'
[0.658s] Level 1:colcon.colcon_core.package_identification:_identify(src/build) by extensions ['ignore', 'ignore_ament_install']
[0.658s] Level 1:colcon.colcon_core.package_identification:_identify(src/build) by extension 'ignore'
[0.658s] Level 1:colcon.colcon_core.package_identification:_identify(src/build) ignored
[0.659s] Level 1:colcon.colcon_core.package_identification:_identify(src/install) by extensions ['ignore', 'ignore_ament_install']
[0.659s] Level 1:colcon.colcon_core.package_identification:_identify(src/install) by extension 'ignore'
[0.659s] Level 1:colcon.colcon_core.package_identification:_identify(src/install) ignored
[0.659s] Level 1:colcon.colcon_core.package_identification:_identify(src/log) by extensions ['ignore', 'ignore_ament_install']
[0.659s] Level 1:colcon.colcon_core.package_identification:_identify(src/log) by extension 'ignore'
[0.659s] Level 1:colcon.colcon_core.package_identification:_identify(src/log) ignored
[0.660s] Level 1:colcon.colcon_core.package_identification:_identify(src/micro-ROS-Agent) by extensions ['ignore', 'ignore_ament_install']
[0.660s] Level 1:colcon.colcon_core.package_identification:_identify(src/micro-ROS-Agent) by extension 'ignore'
[0.660s] Level 1:colcon.colcon_core.package_identification:_identify(src/micro-ROS-Agent) by extension 'ignore_ament_install'
[0.660s] Level 1:colcon.colcon_core.package_identification:_identify(src/micro-ROS-Agent) by extensions ['colcon_pkg']
[0.660s] Level 1:colcon.colcon_core.package_identification:_identify(src/micro-ROS-Agent) by extension 'colcon_pkg'
[0.660s] Level 1:colcon.colcon_core.package_identification:_identify(src/micro-ROS-Agent) by extensions ['colcon_meta']
[0.660s] Level 1:colcon.colcon_core.package_identification:_identify(src/micro-ROS-Agent) by extension 'colcon_meta'
[0.660s] Level 1:colcon.colcon_core.package_identification:_identify(src/micro-ROS-Agent) by extensions ['ros']
[0.660s] Level 1:colcon.colcon_core.package_identification:_identify(src/micro-ROS-Agent) by extension 'ros'
[0.661s] Level 1:colcon.colcon_core.package_identification:_identify(src/micro-ROS-Agent) by extensions ['cmake', 'python']
[0.661s] Level 1:colcon.colcon_core.package_identification:_identify(src/micro-ROS-Agent) by extension 'cmake'
[0.661s] Level 1:colcon.colcon_core.package_identification:_identify(src/micro-ROS-Agent) by extension 'python'
[0.661s] Level 1:colcon.colcon_core.package_identification:_identify(src/micro-ROS-Agent) by extensions ['python_setup_py']
[0.661s] Level 1:colcon.colcon_core.package_identification:_identify(src/micro-ROS-Agent) by extension 'python_setup_py'
[0.661s] Level 1:colcon.colcon_core.package_identification:_identify(src/micro-ROS-Agent/micro_ros_agent) by extensions ['ignore', 'ignore_ament_install']
[0.661s] Level 1:colcon.colcon_core.package_identification:_identify(src/micro-ROS-Agent/micro_ros_agent) by extension 'ignore'
[0.661s] Level 1:colcon.colcon_core.package_identification:_identify(src/micro-ROS-Agent/micro_ros_agent) by extension 'ignore_ament_install'
[0.661s] Level 1:colcon.colcon_core.package_identification:_identify(src/micro-ROS-Agent/micro_ros_agent) by extensions ['colcon_pkg']
[0.661s] Level 1:colcon.colcon_core.package_identification:_identify(src/micro-ROS-Agent/micro_ros_agent) by extension 'colcon_pkg'
[0.661s] Level 1:colcon.colcon_core.package_identification:_identify(src/micro-ROS-Agent/micro_ros_agent) by extensions ['colcon_meta']
[0.661s] Level 1:colcon.colcon_core.package_identification:_identify(src/micro-ROS-Agent/micro_ros_agent) by extension 'colcon_meta'
[0.662s] Level 1:colcon.colcon_core.package_identification:_identify(src/micro-ROS-Agent/micro_ros_agent) by extensions ['ros']
[0.662s] Level 1:colcon.colcon_core.package_identification:_identify(src/micro-ROS-Agent/micro_ros_agent) by extension 'ros'
[0.667s] DEBUG:colcon.colcon_core.package_identification:Package 'src/micro-ROS-Agent/micro_ros_agent' with type 'ros.ament_cmake' and name 'micro_ros_agent'
[0.668s] Level 1:colcon.colcon_core.package_identification:_identify(src/micro-ROS-Agent/snap) by extensions ['ignore', 'ignore_ament_install']
[0.668s] Level 1:colcon.colcon_core.package_identification:_identify(src/micro-ROS-Agent/snap) by extension 'ignore'
[0.668s] Level 1:colcon.colcon_core.package_identification:_identify(src/micro-ROS-Agent/snap) by extension 'ignore_ament_install'
[0.668s] Level 1:colcon.colcon_core.package_identification:_identify(src/micro-ROS-Agent/snap) by extensions ['colcon_pkg']
[0.668s] Level 1:colcon.colcon_core.package_identification:_identify(src/micro-ROS-Agent/snap) by extension 'colcon_pkg'
[0.668s] Level 1:colcon.colcon_core.package_identification:_identify(src/micro-ROS-Agent/snap) by extensions ['colcon_meta']
[0.668s] Level 1:colcon.colcon_core.package_identification:_identify(src/micro-ROS-Agent/snap) by extension 'colcon_meta'
[0.668s] Level 1:colcon.colcon_core.package_identification:_identify(src/micro-ROS-Agent/snap) by extensions ['ros']
[0.668s] Level 1:colcon.colcon_core.package_identification:_identify(src/micro-ROS-Agent/snap) by extension 'ros'
[0.669s] Level 1:colcon.colcon_core.package_identification:_identify(src/micro-ROS-Agent/snap) by extensions ['cmake', 'python']
[0.669s] Level 1:colcon.colcon_core.package_identification:_identify(src/micro-ROS-Agent/snap) by extension 'cmake'
[0.669s] Level 1:colcon.colcon_core.package_identification:_identify(src/micro-ROS-Agent/snap) by extension 'python'
[0.669s] Level 1:colcon.colcon_core.package_identification:_identify(src/micro-ROS-Agent/snap) by extensions ['python_setup_py']
[0.669s] Level 1:colcon.colcon_core.package_identification:_identify(src/micro-ROS-Agent/snap) by extension 'python_setup_py'
[0.669s] Level 1:colcon.colcon_core.package_identification:_identify(src/micro-ROS-Agent/snap/hooks) by extensions ['ignore', 'ignore_ament_install']
[0.669s] Level 1:colcon.colcon_core.package_identification:_identify(src/micro-ROS-Agent/snap/hooks) by extension 'ignore'
[0.669s] Level 1:colcon.colcon_core.package_identification:_identify(src/micro-ROS-Agent/snap/hooks) by extension 'ignore_ament_install'
[0.670s] Level 1:colcon.colcon_core.package_identification:_identify(src/micro-ROS-Agent/snap/hooks) by extensions ['colcon_pkg']
[0.670s] Level 1:colcon.colcon_core.package_identification:_identify(src/micro-ROS-Agent/snap/hooks) by extension 'colcon_pkg'
[0.670s] Level 1:colcon.colcon_core.package_identification:_identify(src/micro-ROS-Agent/snap/hooks) by extensions ['colcon_meta']
[0.670s] Level 1:colcon.colcon_core.package_identification:_identify(src/micro-ROS-Agent/snap/hooks) by extension 'colcon_meta'
[0.674s] Level 1:colcon.colcon_core.package_identification:_identify(src/micro-ROS-Agent/snap/hooks) by extensions ['ros']
[0.674s] Level 1:colcon.colcon_core.package_identification:_identify(src/micro-ROS-Agent/snap/hooks) by extension 'ros'
[0.674s] Level 1:colcon.colcon_core.package_identification:_identify(src/micro-ROS-Agent/snap/hooks) by extensions ['cmake', 'python']
[0.674s] Level 1:colcon.colcon_core.package_identification:_identify(src/micro-ROS-Agent/snap/hooks) by extension 'cmake'
[0.674s] Level 1:colcon.colcon_core.package_identification:_identify(src/micro-ROS-Agent/snap/hooks) by extension 'python'
[0.674s] Level 1:colcon.colcon_core.package_identification:_identify(src/micro-ROS-Agent/snap/hooks) by extensions ['python_setup_py']
[0.674s] Level 1:colcon.colcon_core.package_identification:_identify(src/micro-ROS-Agent/snap/hooks) by extension 'python_setup_py'
[0.675s] Level 1:colcon.colcon_core.package_identification:_identify(src/micro-ROS-Agent/snap/local) by extensions ['ignore', 'ignore_ament_install']
[0.675s] Level 1:colcon.colcon_core.package_identification:_identify(src/micro-ROS-Agent/snap/local) by extension 'ignore'
[0.675s] Level 1:colcon.colcon_core.package_identification:_identify(src/micro-ROS-Agent/snap/local) by extension 'ignore_ament_install'
[0.675s] Level 1:colcon.colcon_core.package_identification:_identify(src/micro-ROS-Agent/snap/local) by extensions ['colcon_pkg']
[0.675s] Level 1:colcon.colcon_core.package_identification:_identify(src/micro-ROS-Agent/snap/local) by extension 'colcon_pkg'
[0.675s] Level 1:colcon.colcon_core.package_identification:_identify(src/micro-ROS-Agent/snap/local) by extensions ['colcon_meta']
[0.675s] Level 1:colcon.colcon_core.package_identification:_identify(src/micro-ROS-Agent/snap/local) by extension 'colcon_meta'
[0.675s] Level 1:colcon.colcon_core.package_identification:_identify(src/micro-ROS-Agent/snap/local) by extensions ['ros']
[0.676s] Level 1:colcon.colcon_core.package_identification:_identify(src/micro-ROS-Agent/snap/local) by extension 'ros'
[0.682s] Level 1:colcon.colcon_core.package_identification:_identify(src/micro-ROS-Agent/snap/local) by extensions ['cmake', 'python']
[0.683s] Level 1:colcon.colcon_core.package_identification:_identify(src/micro-ROS-Agent/snap/local) by extension 'cmake'
[0.683s] Level 1:colcon.colcon_core.package_identification:_identify(src/micro-ROS-Agent/snap/local) by extension 'python'
[0.683s] Level 1:colcon.colcon_core.package_identification:_identify(src/micro-ROS-Agent/snap/local) by extensions ['python_setup_py']
[0.683s] Level 1:colcon.colcon_core.package_identification:_identify(src/micro-ROS-Agent/snap/local) by extension 'python_setup_py'
[0.683s] Level 1:colcon.colcon_core.package_identification:_identify(src/micro_ros_msgs) by extensions ['ignore', 'ignore_ament_install']
[0.684s] Level 1:colcon.colcon_core.package_identification:_identify(src/micro_ros_msgs) by extension 'ignore'
[0.684s] Level 1:colcon.colcon_core.package_identification:_identify(src/micro_ros_msgs) by extension 'ignore_ament_install'
[0.684s] Level 1:colcon.colcon_core.package_identification:_identify(src/micro_ros_msgs) by extensions ['colcon_pkg']
[0.684s] Level 1:colcon.colcon_core.package_identification:_identify(src/micro_ros_msgs) by extension 'colcon_pkg'
[0.684s] Level 1:colcon.colcon_core.package_identification:_identify(src/micro_ros_msgs) by extensions ['colcon_meta']
[0.684s] Level 1:colcon.colcon_core.package_identification:_identify(src/micro_ros_msgs) by extension 'colcon_meta'
[0.684s] Level 1:colcon.colcon_core.package_identification:_identify(src/micro_ros_msgs) by extensions ['ros']
[0.684s] Level 1:colcon.colcon_core.package_identification:_identify(src/micro_ros_msgs) by extension 'ros'
[0.685s] DEBUG:colcon.colcon_core.package_identification:Package 'src/micro_ros_msgs' with type 'ros.ament_cmake' and name 'micro_ros_msgs'
[0.685s] Level 1:colcon.colcon_core.package_discovery:discover_packages(recursive) using defaults
[0.686s] Level 1:colcon.colcon_core.package_discovery:discover_packages(ignore) discover
[0.686s] Level 1:colcon.colcon_core.package_discovery:discover_packages(ignore) using defaults
[0.686s] Level 1:colcon.colcon_core.package_discovery:discover_packages(path) discover
[0.686s] Level 1:colcon.colcon_core.package_discovery:discover_packages(path) using defaults
[0.722s] Level 1:colcon.colcon_core.package_discovery:discover_packages(prefix_path) check parameters
[0.722s] Level 1:colcon.colcon_core.package_discovery:discover_packages(prefix_path) discover
[0.726s] DEBUG:colcon.colcon_installed_package_information.package_discovery:Found 325 installed packages in /opt/ros/humble
[0.731s] Level 1:colcon.colcon_core.package_discovery:discover_packages(prefix_path) using defaults
[0.825s] Level 5:colcon.colcon_core.verb:set package 'micro_ros_msgs' build argument 'cmake_args' from command line to 'None'
[0.825s] Level 5:colcon.colcon_core.verb:set package 'micro_ros_msgs' build argument 'cmake_target' from command line to 'None'
[0.825s] Level 5:colcon.colcon_core.verb:set package 'micro_ros_msgs' build argument 'cmake_target_skip_unavailable' from command line to 'False'
[0.825s] Level 5:colcon.colcon_core.verb:set package 'micro_ros_msgs' build argument 'cmake_clean_cache' from command line to 'False'
[0.825s] Level 5:colcon.colcon_core.verb:set package 'micro_ros_msgs' build argument 'cmake_clean_first' from command line to 'False'
[0.825s] Level 5:colcon.colcon_core.verb:set package 'micro_ros_msgs' build argument 'cmake_force_configure' from command line to 'False'
[0.825s] Level 5:colcon.colcon_core.verb:set package 'micro_ros_msgs' build argument 'ament_cmake_args' from command line to 'None'
[0.825s] Level 5:colcon.colcon_core.verb:set package 'micro_ros_msgs' build argument 'catkin_cmake_args' from command line to 'None'
[0.825s] Level 5:colcon.colcon_core.verb:set package 'micro_ros_msgs' build argument 'catkin_skip_building_tests' from command line to 'False'
[0.826s] DEBUG:colcon.colcon_core.verb:Building package 'micro_ros_msgs' with the following arguments: {'ament_cmake_args': None, 'build_base': '/home/hell0/microros_ws/build/micro_ros_msgs', 'catkin_cmake_args': None, 'catkin_skip_building_tests': False, 'cmake_args': None, 'cmake_clean_cache': False, 'cmake_clean_first': False, 'cmake_force_configure': False, 'cmake_target': None, 'cmake_target_skip_unavailable': False, 'install_base': '/home/hell0/microros_ws/install/micro_ros_msgs', 'merge_install': False, 'path': '/home/hell0/microros_ws/src/micro_ros_msgs', 'symlink_install': False, 'test_result_base': None}
[0.826s] Level 5:colcon.colcon_core.verb:set package 'micro_ros_agent' build argument 'cmake_args' from command line to 'None'
[0.826s] Level 5:colcon.colcon_core.verb:set package 'micro_ros_agent' build argument 'cmake_target' from command line to 'None'
[0.826s] Level 5:colcon.colcon_core.verb:set package 'micro_ros_agent' build argument 'cmake_target_skip_unavailable' from command line to 'False'
[0.826s] Level 5:colcon.colcon_core.verb:set package 'micro_ros_agent' build argument 'cmake_clean_cache' from command line to 'False'
[0.826s] Level 5:colcon.colcon_core.verb:set package 'micro_ros_agent' build argument 'cmake_clean_first' from command line to 'False'
[0.826s] Level 5:colcon.colcon_core.verb:set package 'micro_ros_agent' build argument 'cmake_force_configure' from command line to 'False'
[0.826s] Level 5:colcon.colcon_core.verb:set package 'micro_ros_agent' build argument 'ament_cmake_args' from command line to 'None'
[0.826s] Level 5:colcon.colcon_core.verb:set package 'micro_ros_agent' build argument 'catkin_cmake_args' from command line to 'None'
[0.826s] Level 5:colcon.colcon_core.verb:set package 'micro_ros_agent' build argument 'catkin_skip_building_tests' from command line to 'False'
[0.827s] DEBUG:colcon.colcon_core.verb:Building package 'micro_ros_agent' with the following arguments: {'ament_cmake_args': None, 'build_base': '/home/hell0/microros_ws/build/micro_ros_agent', 'catkin_cmake_args': None, 'catkin_skip_building_tests': False, 'cmake_args': None, 'cmake_clean_cache': False, 'cmake_clean_first': False, 'cmake_force_configure': False, 'cmake_target': None, 'cmake_target_skip_unavailable': False, 'install_base': '/home/hell0/microros_ws/install/micro_ros_agent', 'merge_install': False, 'path': '/home/hell0/microros_ws/src/micro-ROS-Agent/micro_ros_agent', 'symlink_install': False, 'test_result_base': None}
[0.827s] INFO:colcon.colcon_core.executor:Executing jobs using 'parallel' executor
[0.829s] DEBUG:colcon.colcon_parallel_executor.executor.parallel:run_until_complete
[0.830s] INFO:colcon.colcon_ros.task.ament_cmake.build:Building ROS package in '/home/hell0/microros_ws/src/micro_ros_msgs' with build type 'ament_cmake'
[0.831s] INFO:colcon.colcon_cmake.task.cmake.build:Building CMake package in '/home/hell0/microros_ws/src/micro_ros_msgs'
[0.834s] INFO:colcon.colcon_core.plugin_system:Skipping extension 'colcon_core.shell.bat': Not used on non-Windows systems
[0.834s] INFO:colcon.colcon_core.shell:Skip shell extension 'powershell' for command environment: Not usable outside of PowerShell
[0.835s] DEBUG:colcon.colcon_core.shell:Skip shell extension 'dsv' for command environment
[0.853s] DEBUG:colcon.colcon_core.event_handler.log_command:Invoking command in '/home/hell0/microros_ws/build/micro_ros_msgs': CMAKE_PREFIX_PATH=/opt/ros/humble /usr/bin/cmake /home/hell0/microros_ws/src/micro_ros_msgs -DCMAKE_INSTALL_PREFIX=/home/hell0/microros_ws/install/micro_ros_msgs
[3.878s] DEBUG:colcon.colcon_core.event_handler.log_command:Invoked command in '/home/hell0/microros_ws/build/micro_ros_msgs' returned '0': CMAKE_PREFIX_PATH=/opt/ros/humble /usr/bin/cmake /home/hell0/microros_ws/src/micro_ros_msgs -DCMAKE_INSTALL_PREFIX=/home/hell0/microros_ws/install/micro_ros_msgs
[3.883s] DEBUG:colcon.colcon_core.event_handler.log_command:Invoking command in '/home/hell0/microros_ws/build/micro_ros_msgs': CMAKE_PREFIX_PATH=/opt/ros/humble /usr/bin/cmake --build /home/hell0/microros_ws/build/micro_ros_msgs -- -j2 -l2
[15.283s] DEBUG:colcon.colcon_core.event_handler.log_command:Invoked command in '/home/hell0/microros_ws/build/micro_ros_msgs' returned '0': CMAKE_PREFIX_PATH=/opt/ros/humble /usr/bin/cmake --build /home/hell0/microros_ws/build/micro_ros_msgs -- -j2 -l2
[15.510s] DEBUG:colcon.colcon_core.event_handler.log_command:Invoking command in '/home/hell0/microros_ws/build/micro_ros_msgs': CMAKE_PREFIX_PATH=/opt/ros/humble /usr/bin/cmake --install /home/hell0/microros_ws/build/micro_ros_msgs
[15.679s] Level 1:colcon.colcon_core.environment:create_environment_scripts_only(micro_ros_msgs)
[15.684s] Level 1:colcon.colcon_core.environment:checking '/home/hell0/microros_ws/install/micro_ros_msgs' for CMake module files
[15.685s] Level 1:colcon.colcon_core.environment:checking '/home/hell0/microros_ws/install/micro_ros_msgs' for CMake config files
[15.686s] Level 1:colcon.colcon_core.shell:create_environment_hook('micro_ros_msgs', 'cmake_prefix_path')
[15.686s] INFO:colcon.colcon_core.shell:Creating environment hook '/home/hell0/microros_ws/install/micro_ros_msgs/share/micro_ros_msgs/hook/cmake_prefix_path.ps1'
[15.688s] INFO:colcon.colcon_core.shell:Creating environment descriptor '/home/hell0/microros_ws/install/micro_ros_msgs/share/micro_ros_msgs/hook/cmake_prefix_path.dsv'
[15.688s] DEBUG:colcon.colcon_core.event_handler.log_command:Invoked command in '/home/hell0/microros_ws/build/micro_ros_msgs' returned '0': CMAKE_PREFIX_PATH=/opt/ros/humble /usr/bin/cmake --install /home/hell0/microros_ws/build/micro_ros_msgs
[15.689s] INFO:colcon.colcon_core.shell:Creating environment hook '/home/hell0/microros_ws/install/micro_ros_msgs/share/micro_ros_msgs/hook/cmake_prefix_path.sh'
[15.691s] Level 1:colcon.colcon_core.environment:checking '/home/hell0/microros_ws/install/micro_ros_msgs/lib'
[15.691s] Level 1:colcon.colcon_core.shell:create_environment_hook('micro_ros_msgs', 'ld_library_path_lib')
[15.692s] INFO:colcon.colcon_core.shell:Creating environment hook '/home/hell0/microros_ws/install/micro_ros_msgs/share/micro_ros_msgs/hook/ld_library_path_lib.ps1'
[15.692s] INFO:colcon.colcon_core.shell:Creating environment descriptor '/home/hell0/microros_ws/install/micro_ros_msgs/share/micro_ros_msgs/hook/ld_library_path_lib.dsv'
[15.693s] INFO:colcon.colcon_core.shell:Creating environment hook '/home/hell0/microros_ws/install/micro_ros_msgs/share/micro_ros_msgs/hook/ld_library_path_lib.sh'
[15.694s] Level 1:colcon.colcon_core.environment:checking '/home/hell0/microros_ws/install/micro_ros_msgs/bin'
[15.694s] Level 1:colcon.colcon_core.environment:checking '/home/hell0/microros_ws/install/micro_ros_msgs/lib/pkgconfig/micro_ros_msgs.pc'
[15.694s] Level 1:colcon.colcon_core.environment:checking '/home/hell0/microros_ws/install/micro_ros_msgs/lib/python3.10/site-packages'
[15.695s] Level 1:colcon.colcon_core.environment:checking '/home/hell0/microros_ws/install/micro_ros_msgs/bin'
[15.695s] INFO:colcon.colcon_core.shell:Creating package script '/home/hell0/microros_ws/install/micro_ros_msgs/share/micro_ros_msgs/package.ps1'
[15.697s] INFO:colcon.colcon_core.shell:Creating package descriptor '/home/hell0/microros_ws/install/micro_ros_msgs/share/micro_ros_msgs/package.dsv'
[15.698s] INFO:colcon.colcon_core.shell:Creating package script '/home/hell0/microros_ws/install/micro_ros_msgs/share/micro_ros_msgs/package.sh'
[15.699s] INFO:colcon.colcon_core.shell:Creating package script '/home/hell0/microros_ws/install/micro_ros_msgs/share/micro_ros_msgs/package.bash'
[15.700s] INFO:colcon.colcon_core.shell:Creating package script '/home/hell0/microros_ws/install/micro_ros_msgs/share/micro_ros_msgs/package.zsh'
[15.701s] Level 1:colcon.colcon_core.environment:create_file_with_runtime_dependencies(/home/hell0/microros_ws/install/micro_ros_msgs/share/colcon-core/packages/micro_ros_msgs)
[15.985s] Level 1:colcon.colcon_core.environment:create_environment_scripts_only(micro_ros_msgs)
[15.985s] Level 1:colcon.colcon_core.environment:checking '/home/hell0/microros_ws/install/micro_ros_msgs' for CMake module files
[15.987s] Level 1:colcon.colcon_core.environment:checking '/home/hell0/microros_ws/install/micro_ros_msgs' for CMake config files
[15.987s] Level 1:colcon.colcon_core.shell:create_environment_hook('micro_ros_msgs', 'cmake_prefix_path')
[15.988s] INFO:colcon.colcon_core.shell:Creating environment hook '/home/hell0/microros_ws/install/micro_ros_msgs/share/micro_ros_msgs/hook/cmake_prefix_path.ps1'
[15.997s] INFO:colcon.colcon_core.shell:Creating environment descriptor '/home/hell0/microros_ws/install/micro_ros_msgs/share/micro_ros_msgs/hook/cmake_prefix_path.dsv'
[15.998s] INFO:colcon.colcon_core.shell:Creating environment hook '/home/hell0/microros_ws/install/micro_ros_msgs/share/micro_ros_msgs/hook/cmake_prefix_path.sh'
[15.999s] Level 1:colcon.colcon_core.environment:checking '/home/hell0/microros_ws/install/micro_ros_msgs/lib'
[15.999s] Level 1:colcon.colcon_core.shell:create_environment_hook('micro_ros_msgs', 'ld_library_path_lib')
[16.000s] INFO:colcon.colcon_core.shell:Creating environment hook '/home/hell0/microros_ws/install/micro_ros_msgs/share/micro_ros_msgs/hook/ld_library_path_lib.ps1'
[16.001s] INFO:colcon.colcon_core.shell:Creating environment descriptor '/home/hell0/microros_ws/install/micro_ros_msgs/share/micro_ros_msgs/hook/ld_library_path_lib.dsv'
[16.001s] INFO:colcon.colcon_core.shell:Creating environment hook '/home/hell0/microros_ws/install/micro_ros_msgs/share/micro_ros_msgs/hook/ld_library_path_lib.sh'
[16.002s] Level 1:colcon.colcon_core.environment:checking '/home/hell0/microros_ws/install/micro_ros_msgs/bin'
[16.003s] Level 1:colcon.colcon_core.environment:checking '/home/hell0/microros_ws/install/micro_ros_msgs/lib/pkgconfig/micro_ros_msgs.pc'
[16.003s] Level 1:colcon.colcon_core.environment:checking '/home/hell0/microros_ws/install/micro_ros_msgs/lib/python3.10/site-packages'
[16.003s] Level 1:colcon.colcon_core.environment:checking '/home/hell0/microros_ws/install/micro_ros_msgs/bin'
[16.004s] INFO:colcon.colcon_core.shell:Creating package script '/home/hell0/microros_ws/install/micro_ros_msgs/share/micro_ros_msgs/package.ps1'
[16.005s] INFO:colcon.colcon_core.shell:Creating package descriptor '/home/hell0/microros_ws/install/micro_ros_msgs/share/micro_ros_msgs/package.dsv'
[16.006s] INFO:colcon.colcon_core.shell:Creating package script '/home/hell0/microros_ws/install/micro_ros_msgs/share/micro_ros_msgs/package.sh'
[16.007s] INFO:colcon.colcon_core.shell:Creating package script '/home/hell0/microros_ws/install/micro_ros_msgs/share/micro_ros_msgs/package.bash'
[16.008s] INFO:colcon.colcon_core.shell:Creating package script '/home/hell0/microros_ws/install/micro_ros_msgs/share/micro_ros_msgs/package.zsh'
[16.009s] Level 1:colcon.colcon_core.environment:create_file_with_runtime_dependencies(/home/hell0/microros_ws/install/micro_ros_msgs/share/colcon-core/packages/micro_ros_msgs)
[16.010s] INFO:colcon.colcon_ros.task.ament_cmake.build:Building ROS package in '/home/hell0/microros_ws/src/micro-ROS-Agent/micro_ros_agent' with build type 'ament_cmake'
[16.010s] INFO:colcon.colcon_cmake.task.cmake.build:Building CMake package in '/home/hell0/microros_ws/src/micro-ROS-Agent/micro_ros_agent'
[16.010s] INFO:colcon.colcon_core.shell:Skip shell extension 'powershell' for command environment: Not usable outside of PowerShell
[16.010s] DEBUG:colcon.colcon_core.shell:Skip shell extension 'dsv' for command environment
[16.035s] DEBUG:colcon.colcon_core.event_handler.log_command:Invoking command in '/home/hell0/microros_ws/build/micro_ros_agent': AMENT_PREFIX_PATH=/home/hell0/microros_ws/install/micro_ros_msgs:${AMENT_PREFIX_PATH} CMAKE_PREFIX_PATH=/home/hell0/microros_ws/install/micro_ros_msgs:/opt/ros/humble LD_LIBRARY_PATH=/home/hell0/microros_ws/install/micro_ros_msgs/lib:${LD_LIBRARY_PATH} PYTHONPATH=/home/hell0/microros_ws/install/micro_ros_msgs/local/lib/python3.10/dist-packages:${PYTHONPATH} /usr/bin/cmake /home/hell0/microros_ws/src/micro-ROS-Agent/micro_ros_agent -DCMAKE_INSTALL_PREFIX=/home/hell0/microros_ws/install/micro_ros_agent
[16.726s] DEBUG:colcon.colcon_core.event_handler.log_command:Invoked command in '/home/hell0/microros_ws/build/micro_ros_agent' returned '0': AMENT_PREFIX_PATH=/home/hell0/microros_ws/install/micro_ros_msgs:${AMENT_PREFIX_PATH} CMAKE_PREFIX_PATH=/home/hell0/microros_ws/install/micro_ros_msgs:/opt/ros/humble LD_LIBRARY_PATH=/home/hell0/microros_ws/install/micro_ros_msgs/lib:${LD_LIBRARY_PATH} PYTHONPATH=/home/hell0/microros_ws/install/micro_ros_msgs/local/lib/python3.10/dist-packages:${PYTHONPATH} /usr/bin/cmake /home/hell0/microros_ws/src/micro-ROS-Agent/micro_ros_agent -DCMAKE_INSTALL_PREFIX=/home/hell0/microros_ws/install/micro_ros_agent
[16.727s] DEBUG:colcon.colcon_core.event_handler.log_command:Invoking command in '/home/hell0/microros_ws/build/micro_ros_agent': AMENT_PREFIX_PATH=/home/hell0/microros_ws/install/micro_ros_msgs:${AMENT_PREFIX_PATH} CMAKE_PREFIX_PATH=/home/hell0/microros_ws/install/micro_ros_msgs:/opt/ros/humble LD_LIBRARY_PATH=/home/hell0/microros_ws/install/micro_ros_msgs/lib:${LD_LIBRARY_PATH} PYTHONPATH=/home/hell0/microros_ws/install/micro_ros_msgs/local/lib/python3.10/dist-packages:${PYTHONPATH} /usr/bin/cmake --build /home/hell0/microros_ws/build/micro_ros_agent -- -j2 -l2
[211.858s] DEBUG:colcon.colcon_core.event_handler.log_command:Invoked command in '/home/hell0/microros_ws/build/micro_ros_agent' returned '0': AMENT_PREFIX_PATH=/home/hell0/microros_ws/install/micro_ros_msgs:${AMENT_PREFIX_PATH} CMAKE_PREFIX_PATH=/home/hell0/microros_ws/install/micro_ros_msgs:/opt/ros/humble LD_LIBRARY_PATH=/home/hell0/microros_ws/install/micro_ros_msgs/lib:${LD_LIBRARY_PATH} PYTHONPATH=/home/hell0/microros_ws/install/micro_ros_msgs/local/lib/python3.10/dist-packages:${PYTHONPATH} /usr/bin/cmake --build /home/hell0/microros_ws/build/micro_ros_agent -- -j2 -l2
[211.930s] DEBUG:colcon.colcon_core.event_handler.log_command:Invoking command in '/home/hell0/microros_ws/build/micro_ros_agent': AMENT_PREFIX_PATH=/home/hell0/microros_ws/install/micro_ros_msgs:${AMENT_PREFIX_PATH} CMAKE_PREFIX_PATH=/home/hell0/microros_ws/install/micro_ros_msgs:/opt/ros/humble LD_LIBRARY_PATH=/home/hell0/microros_ws/install/micro_ros_msgs/lib:${LD_LIBRARY_PATH} PYTHONPATH=/home/hell0/microros_ws/install/micro_ros_msgs/local/lib/python3.10/dist-packages:${PYTHONPATH} /usr/bin/cmake --install /home/hell0/microros_ws/build/micro_ros_agent
[211.961s] Level 1:colcon.colcon_core.environment:create_environment_scripts_only(micro_ros_agent)
[211.962s] Level 1:colcon.colcon_core.environment:checking '/home/hell0/microros_ws/install/micro_ros_agent' for CMake module files
[211.963s] Level 1:colcon.colcon_core.environment:checking '/home/hell0/microros_ws/install/micro_ros_agent' for CMake config files
[211.963s] Level 1:colcon.colcon_core.shell:create_environment_hook('micro_ros_agent', 'cmake_prefix_path')
[211.964s] INFO:colcon.colcon_core.shell:Creating environment hook '/home/hell0/microros_ws/install/micro_ros_agent/share/micro_ros_agent/hook/cmake_prefix_path.ps1'
[211.964s] INFO:colcon.colcon_core.shell:Creating environment descriptor '/home/hell0/microros_ws/install/micro_ros_agent/share/micro_ros_agent/hook/cmake_prefix_path.dsv'
[211.965s] INFO:colcon.colcon_core.shell:Creating environment hook '/home/hell0/microros_ws/install/micro_ros_agent/share/micro_ros_agent/hook/cmake_prefix_path.sh'
[211.966s] Level 1:colcon.colcon_core.environment:checking '/home/hell0/microros_ws/install/micro_ros_agent/lib'
[211.966s] Level 1:colcon.colcon_core.shell:create_environment_hook('micro_ros_agent', 'ld_library_path_lib')
[211.967s] INFO:colcon.colcon_core.shell:Creating environment hook '/home/hell0/microros_ws/install/micro_ros_agent/share/micro_ros_agent/hook/ld_library_path_lib.ps1'
[211.968s] INFO:colcon.colcon_core.shell:Creating environment descriptor '/home/hell0/microros_ws/install/micro_ros_agent/share/micro_ros_agent/hook/ld_library_path_lib.dsv'
[211.969s] INFO:colcon.colcon_core.shell:Creating environment hook '/home/hell0/microros_ws/install/micro_ros_agent/share/micro_ros_agent/hook/ld_library_path_lib.sh'
[211.969s] Level 1:colcon.colcon_core.environment:checking '/home/hell0/microros_ws/install/micro_ros_agent/bin'
[211.969s] Level 1:colcon.colcon_core.environment:checking '/home/hell0/microros_ws/install/micro_ros_agent/lib/pkgconfig/micro_ros_agent.pc'
[211.970s] Level 1:colcon.colcon_core.environment:checking '/home/hell0/microros_ws/install/micro_ros_agent/lib/python3.10/site-packages'
[211.970s] Level 1:colcon.colcon_core.environment:checking '/home/hell0/microros_ws/install/micro_ros_agent/bin'
[211.971s] INFO:colcon.colcon_core.shell:Creating package script '/home/hell0/microros_ws/install/micro_ros_agent/share/micro_ros_agent/package.ps1'
[211.972s] INFO:colcon.colcon_core.shell:Creating package descriptor '/home/hell0/microros_ws/install/micro_ros_agent/share/micro_ros_agent/package.dsv'
[211.973s] INFO:colcon.colcon_core.shell:Creating package script '/home/hell0/microros_ws/install/micro_ros_agent/share/micro_ros_agent/package.sh'
[211.974s] INFO:colcon.colcon_core.shell:Creating package script '/home/hell0/microros_ws/install/micro_ros_agent/share/micro_ros_agent/package.bash'
[211.974s] INFO:colcon.colcon_core.shell:Creating package script '/home/hell0/microros_ws/install/micro_ros_agent/share/micro_ros_agent/package.zsh'
[211.975s] Level 1:colcon.colcon_core.environment:create_file_with_runtime_dependencies(/home/hell0/microros_ws/install/micro_ros_agent/share/colcon-core/packages/micro_ros_agent)
[211.981s] DEBUG:colcon.colcon_core.event_handler.log_command:Invoked command in '/home/hell0/microros_ws/build/micro_ros_agent' returned '0': AMENT_PREFIX_PATH=/home/hell0/microros_ws/install/micro_ros_msgs:${AMENT_PREFIX_PATH} CMAKE_PREFIX_PATH=/home/hell0/microros_ws/install/micro_ros_msgs:/opt/ros/humble LD_LIBRARY_PATH=/home/hell0/microros_ws/install/micro_ros_msgs/lib:${LD_LIBRARY_PATH} PYTHONPATH=/home/hell0/microros_ws/install/micro_ros_msgs/local/lib/python3.10/dist-packages:${PYTHONPATH} /usr/bin/cmake --install /home/hell0/microros_ws/build/micro_ros_agent
[212.050s] Level 1:colcon.colcon_core.environment:create_environment_scripts_only(micro_ros_agent)
[212.051s] Level 1:colcon.colcon_core.environment:checking '/home/hell0/microros_ws/install/micro_ros_agent' for CMake module files
[212.051s] Level 1:colcon.colcon_core.environment:checking '/home/hell0/microros_ws/install/micro_ros_agent' for CMake config files
[212.052s] Level 1:colcon.colcon_core.shell:create_environment_hook('micro_ros_agent', 'cmake_prefix_path')
[212.052s] INFO:colcon.colcon_core.shell:Creating environment hook '/home/hell0/microros_ws/install/micro_ros_agent/share/micro_ros_agent/hook/cmake_prefix_path.ps1'
[212.053s] INFO:colcon.colcon_core.shell:Creating environment descriptor '/home/hell0/microros_ws/install/micro_ros_agent/share/micro_ros_agent/hook/cmake_prefix_path.dsv'
[212.054s] INFO:colcon.colcon_core.shell:Creating environment hook '/home/hell0/microros_ws/install/micro_ros_agent/share/micro_ros_agent/hook/cmake_prefix_path.sh'
[212.055s] Level 1:colcon.colcon_core.environment:checking '/home/hell0/microros_ws/install/micro_ros_agent/lib'
[212.056s] Level 1:colcon.colcon_core.shell:create_environment_hook('micro_ros_agent', 'ld_library_path_lib')
[212.056s] INFO:colcon.colcon_core.shell:Creating environment hook '/home/hell0/microros_ws/install/micro_ros_agent/share/micro_ros_agent/hook/ld_library_path_lib.ps1'
[212.057s] INFO:colcon.colcon_core.shell:Creating environment descriptor '/home/hell0/microros_ws/install/micro_ros_agent/share/micro_ros_agent/hook/ld_library_path_lib.dsv'
[212.058s] INFO:colcon.colcon_core.shell:Creating environment hook '/home/hell0/microros_ws/install/micro_ros_agent/share/micro_ros_agent/hook/ld_library_path_lib.sh'
[212.059s] Level 1:colcon.colcon_core.environment:checking '/home/hell0/microros_ws/install/micro_ros_agent/bin'
[212.059s] Level 1:colcon.colcon_core.environment:checking '/home/hell0/microros_ws/install/micro_ros_agent/lib/pkgconfig/micro_ros_agent.pc'
[212.059s] Level 1:colcon.colcon_core.environment:checking '/home/hell0/microros_ws/install/micro_ros_agent/lib/python3.10/site-packages'
[212.060s] Level 1:colcon.colcon_core.environment:checking '/home/hell0/microros_ws/install/micro_ros_agent/bin'
[212.061s] INFO:colcon.colcon_core.shell:Creating package script '/home/hell0/microros_ws/install/micro_ros_agent/share/micro_ros_agent/package.ps1'
[212.062s] INFO:colcon.colcon_core.shell:Creating package descriptor '/home/hell0/microros_ws/install/micro_ros_agent/share/micro_ros_agent/package.dsv'
[212.063s] INFO:colcon.colcon_core.shell:Creating package script '/home/hell0/microros_ws/install/micro_ros_agent/share/micro_ros_agent/package.sh'
[212.064s] INFO:colcon.colcon_core.shell:Creating package script '/home/hell0/microros_ws/install/micro_ros_agent/share/micro_ros_agent/package.bash'
[212.065s] INFO:colcon.colcon_core.shell:Creating package script '/home/hell0/microros_ws/install/micro_ros_agent/share/micro_ros_agent/package.zsh'
[212.066s] Level 1:colcon.colcon_core.environment:create_file_with_runtime_dependencies(/home/hell0/microros_ws/install/micro_ros_agent/share/colcon-core/packages/micro_ros_agent)
[212.067s] DEBUG:colcon.colcon_parallel_executor.executor.parallel:closing loop
[212.068s] DEBUG:colcon.colcon_parallel_executor.executor.parallel:loop closed
[212.068s] DEBUG:colcon.colcon_parallel_executor.executor.parallel:run_until_complete finished with '0'
[212.068s] DEBUG:colcon.colcon_core.event_reactor:joining thread
[212.076s] INFO:colcon.colcon_core.plugin_system:Skipping extension 'colcon_notification.desktop_notification.terminal_notifier': Not used on non-Darwin systems
[212.077s] INFO:colcon.colcon_core.plugin_system:Skipping extension 'colcon_notification.desktop_notification.win32': Not used on non-Windows systems
[212.077s] INFO:colcon.colcon_notification.desktop_notification:Sending desktop notification using 'notify2'
[212.103s] DEBUG:colcon.colcon_core.event_reactor:joined thread
[212.104s] INFO:colcon.colcon_core.shell:Creating prefix script '/home/hell0/microros_ws/install/local_setup.ps1'
[212.106s] INFO:colcon.colcon_core.shell:Creating prefix util module '/home/hell0/microros_ws/install/_local_setup_util_ps1.py'
[212.108s] INFO:colcon.colcon_core.shell:Creating prefix chain script '/home/hell0/microros_ws/install/setup.ps1'
[212.110s] INFO:colcon.colcon_core.shell:Creating prefix script '/home/hell0/microros_ws/install/local_setup.sh'
[212.111s] INFO:colcon.colcon_core.shell:Creating prefix util module '/home/hell0/microros_ws/install/_local_setup_util_sh.py'
[212.112s] INFO:colcon.colcon_core.shell:Creating prefix chain script '/home/hell0/microros_ws/install/setup.sh'
[212.114s] INFO:colcon.colcon_core.shell:Creating prefix script '/home/hell0/microros_ws/install/local_setup.bash'
[212.115s] INFO:colcon.colcon_core.shell:Creating prefix chain script '/home/hell0/microros_ws/install/setup.bash'
[212.117s] INFO:colcon.colcon_core.shell:Creating prefix script '/home/hell0/microros_ws/install/local_setup.zsh'
[212.118s] INFO:colcon.colcon_core.shell:Creating prefix chain script '/home/hell0/microros_ws/install/setup.zsh'
