[0.035s] Invoking command in '/home/hell0/microros_ws/src/build/micro_ros_msgs': CMAKE_PREFIX_PATH=/opt/ros/humble /usr/bin/cmake /home/hell0/microros_ws/src/micro_ros_msgs -DCMAKE_INSTALL_PREFIX=/home/hell0/microros_ws/src/install/micro_ros_msgs
[0.651s] -- The C compiler identification is GNU 11.4.0
[1.253s] -- The CXX compiler identification is GNU 11.4.0
[1.281s] -- Detecting C compiler ABI info
[1.513s] -- Detecting C compiler ABI info - done
[1.526s] -- Check for working C compiler: /usr/bin/cc - skipped
[1.528s] -- Detecting C compile features
[1.541s] -- Detecting C compile features - done
[1.563s] -- Detecting CXX compiler ABI info
[1.730s] -- Detecting CXX compiler ABI info - done
[1.744s] -- Check for working CXX compiler: /usr/bin/c++ - skipped
[1.744s] -- Detecting CXX compile features
[1.747s] -- Detecting CXX compile features - done
[1.846s] -- Found ament_cmake: 1.3.8 (/opt/ros/humble/share/ament_cmake/cmake)
[2.243s] -- Found Python3: /usr/bin/python3 (found version "3.10.12") found components: Interpreter 
[2.508s] -- Found rosidl_default_generators: 1.2.0 (/opt/ros/humble/share/rosidl_default_generators/cmake)
[2.520s] -- Using all available rosidl_typesupport_c: rosidl_typesupport_fastrtps_c;rosidl_typesupport_introspection_c
[2.545s] -- Found rosidl_adapter: 3.1.5 (/opt/ros/humble/share/rosidl_adapter/cmake)
[2.703s] -- Using all available rosidl_typesupport_cpp: rosidl_typesupport_fastrtps_cpp;rosidl_typesupport_introspection_cpp
[2.808s] -- Found ament_lint_auto: 0.12.10 (/opt/ros/humble/share/ament_lint_auto/cmake)
[3.467s] -- Found ament_cmake_ros: 0.10.0 (/opt/ros/humble/share/ament_cmake_ros/cmake)
[3.872s] -- Using all available rosidl_typesupport_c: rosidl_typesupport_fastrtps_c;rosidl_typesupport_introspection_c
[4.369s] -- Using all available rosidl_typesupport_cpp: rosidl_typesupport_fastrtps_cpp;rosidl_typesupport_introspection_cpp
[4.415s] -- Found PythonInterp: /usr/bin/python3 (found suitable version "3.10.12", minimum required is "3.6") 
[4.421s] -- Found python_cmake_module: 0.10.0 (/opt/ros/humble/share/python_cmake_module/cmake)
[4.478s] -- Found PythonLibs: /usr/lib/x86_64-linux-gnu/libpython3.10.so (found suitable version "3.10.12", minimum required is "3.5") 
[4.479s] -- Using PYTHON_EXECUTABLE: /usr/bin/python3
[4.479s] -- Using PYTHON_INCLUDE_DIRS: /usr/include/python3.10
[4.479s] -- Using PYTHON_LIBRARIES: /usr/lib/x86_64-linux-gnu/libpython3.10.so
[4.536s] -- Found PythonExtra: .so  
[4.617s] -- Added test 'copyright' to check source files copyright and LICENSE
[4.634s] -- Added test 'lint_cmake' to check CMake code style
[4.642s] -- Added test 'xmllint' to check XML markup files
[4.678s] -- Configuring done
[4.744s] -- Generating done
[4.746s] -- Build files have been written to: /home/hell0/microros_ws/src/build/micro_ros_msgs
[4.768s] Invoked command in '/home/hell0/microros_ws/src/build/micro_ros_msgs' returned '0': CMAKE_PREFIX_PATH=/opt/ros/humble /usr/bin/cmake /home/hell0/microros_ws/src/micro_ros_msgs -DCMAKE_INSTALL_PREFIX=/home/hell0/microros_ws/src/install/micro_ros_msgs
[4.771s] Invoking command in '/home/hell0/microros_ws/src/build/micro_ros_msgs': CMAKE_PREFIX_PATH=/opt/ros/humble /usr/bin/cmake --build /home/hell0/microros_ws/src/build/micro_ros_msgs -- -j2 -l2
[4.850s] [  2%] [34m[1mGenerating C code for ROS interfaces[0m
[4.868s] [  4%] [34m[1mGenerating C++ code for ROS interfaces[0m
[5.703s] [  4%] Built target micro_ros_msgs__cpp
[5.769s] [  4%] Built target ament_cmake_python_copy_micro_ros_msgs
[5.787s] [  6%] [34m[1mGenerating C++ type support dispatch for ROS interfaces[0m
[5.809s] [  8%] [32mBuilding C object CMakeFiles/micro_ros_msgs__rosidl_generator_c.dir/rosidl_generator_c/micro_ros_msgs/msg/detail/graph__functions.c.o[0m
[6.081s] [ 10%] [32mBuilding C object CMakeFiles/micro_ros_msgs__rosidl_generator_c.dir/rosidl_generator_c/micro_ros_msgs/msg/detail/node__functions.c.o[0m
[6.181s] [ 12%] [32mBuilding C object CMakeFiles/micro_ros_msgs__rosidl_generator_c.dir/rosidl_generator_c/micro_ros_msgs/msg/detail/entity__functions.c.o[0m
[6.276s] [ 14%] [32m[1mLinking C shared library libmicro_ros_msgs__rosidl_generator_c.so[0m
[6.362s] [ 14%] Built target micro_ros_msgs__rosidl_generator_c
[6.383s] [ 17%] [34m[1mGenerating C++ type support for eProsima Fast-RTPS[0m
[6.421s] [ 19%] [32mBuilding CXX object CMakeFiles/micro_ros_msgs__rosidl_typesupport_cpp.dir/rosidl_typesupport_cpp/micro_ros_msgs/msg/graph__type_support.cpp.o[0m
[7.157s] [ 21%] [32mBuilding CXX object CMakeFiles/micro_ros_msgs__rosidl_typesupport_cpp.dir/rosidl_typesupport_cpp/micro_ros_msgs/msg/node__type_support.cpp.o[0m
[7.203s] [ 23%] [32mBuilding CXX object CMakeFiles/micro_ros_msgs__rosidl_typesupport_fastrtps_cpp.dir/rosidl_typesupport_fastrtps_cpp/micro_ros_msgs/msg/detail/dds_fastrtps/graph__type_support.cpp.o[0m
[7.770s] [ 25%] [32mBuilding CXX object CMakeFiles/micro_ros_msgs__rosidl_typesupport_cpp.dir/rosidl_typesupport_cpp/micro_ros_msgs/msg/entity__type_support.cpp.o[0m
[8.271s] [ 27%] [32mBuilding CXX object CMakeFiles/micro_ros_msgs__rosidl_typesupport_fastrtps_cpp.dir/rosidl_typesupport_fastrtps_cpp/micro_ros_msgs/msg/detail/dds_fastrtps/node__type_support.cpp.o[0m
[8.428s] [ 29%] [32m[1mLinking CXX shared library libmicro_ros_msgs__rosidl_typesupport_cpp.so[0m
[8.531s] [ 29%] Built target micro_ros_msgs__rosidl_typesupport_cpp
[8.550s] [ 31%] [34m[1mGenerating C++ introspection for ROS interfaces[0m
[9.253s] [ 34%] [32mBuilding CXX object CMakeFiles/micro_ros_msgs__rosidl_typesupport_introspection_cpp.dir/rosidl_typesupport_introspection_cpp/micro_ros_msgs/msg/detail/graph__type_support.cpp.o[0m
[9.319s] [ 36%] [32mBuilding CXX object CMakeFiles/micro_ros_msgs__rosidl_typesupport_fastrtps_cpp.dir/rosidl_typesupport_fastrtps_cpp/micro_ros_msgs/msg/detail/dds_fastrtps/entity__type_support.cpp.o[0m
[10.306s] [ 38%] [32m[1mLinking CXX shared library libmicro_ros_msgs__rosidl_typesupport_fastrtps_cpp.so[0m
[10.471s] [ 40%] [32mBuilding CXX object CMakeFiles/micro_ros_msgs__rosidl_typesupport_introspection_cpp.dir/rosidl_typesupport_introspection_cpp/micro_ros_msgs/msg/detail/node__type_support.cpp.o[0m
[10.512s] [ 40%] Built target micro_ros_msgs__rosidl_typesupport_fastrtps_cpp
[10.529s] [ 42%] [32mBuilding CXX object CMakeFiles/micro_ros_msgs__rosidl_typesupport_introspection_cpp.dir/rosidl_typesupport_introspection_cpp/micro_ros_msgs/msg/detail/entity__type_support.cpp.o[0m
[11.494s] [ 44%] [32m[1mLinking CXX shared library libmicro_ros_msgs__rosidl_typesupport_introspection_cpp.so[0m
[11.661s] [ 44%] Built target micro_ros_msgs__rosidl_typesupport_introspection_cpp
[11.679s] [ 46%] [34m[1mGenerating C type support for eProsima Fast-RTPS[0m
[12.010s] running egg_info
[12.012s] creating micro_ros_msgs.egg-info
[12.013s] writing micro_ros_msgs.egg-info/PKG-INFO
[12.014s] writing dependency_links to micro_ros_msgs.egg-info/dependency_links.txt
[12.015s] writing top-level names to micro_ros_msgs.egg-info/top_level.txt
[12.015s] writing manifest file 'micro_ros_msgs.egg-info/SOURCES.txt'
[12.027s] reading manifest file 'micro_ros_msgs.egg-info/SOURCES.txt'
[12.028s] writing manifest file 'micro_ros_msgs.egg-info/SOURCES.txt'
[12.072s] [ 46%] Built target ament_cmake_python_build_micro_ros_msgs_egg
[12.092s] [ 48%] [34m[1mGenerating C introspection for ROS interfaces[0m
[12.375s] [ 51%] [32mBuilding CXX object CMakeFiles/micro_ros_msgs__rosidl_typesupport_fastrtps_c.dir/rosidl_typesupport_fastrtps_c/micro_ros_msgs/msg/detail/graph__type_support_c.cpp.o[0m
[12.819s] [ 53%] [32mBuilding C object CMakeFiles/micro_ros_msgs__rosidl_typesupport_introspection_c.dir/rosidl_typesupport_introspection_c/micro_ros_msgs/msg/detail/graph__type_support.c.o[0m
[12.901s] [ 55%] [32mBuilding C object CMakeFiles/micro_ros_msgs__rosidl_typesupport_introspection_c.dir/rosidl_typesupport_introspection_c/micro_ros_msgs/msg/detail/node__type_support.c.o[0m
[12.981s] [ 57%] [32mBuilding C object CMakeFiles/micro_ros_msgs__rosidl_typesupport_introspection_c.dir/rosidl_typesupport_introspection_c/micro_ros_msgs/msg/detail/entity__type_support.c.o[0m
[13.056s] [ 59%] [32m[1mLinking C shared library libmicro_ros_msgs__rosidl_typesupport_introspection_c.so[0m
[13.086s] [ 61%] [32mBuilding CXX object CMakeFiles/micro_ros_msgs__rosidl_typesupport_fastrtps_c.dir/rosidl_typesupport_fastrtps_c/micro_ros_msgs/msg/detail/node__type_support_c.cpp.o[0m
[13.127s] [ 61%] Built target micro_ros_msgs__rosidl_typesupport_introspection_c
[13.143s] [ 63%] [32mBuilding CXX object CMakeFiles/micro_ros_msgs__rosidl_typesupport_fastrtps_c.dir/rosidl_typesupport_fastrtps_c/micro_ros_msgs/msg/detail/entity__type_support_c.cpp.o[0m
[13.839s] [ 65%] [34m[1mGenerating C type support dispatch for ROS interfaces[0m
[13.846s] [ 68%] [32m[1mLinking CXX shared library libmicro_ros_msgs__rosidl_typesupport_fastrtps_c.so[0m
[14.029s] [ 68%] Built target micro_ros_msgs__rosidl_typesupport_fastrtps_c
[14.399s] [ 72%] [32mBuilding CXX object CMakeFiles/micro_ros_msgs__rosidl_typesupport_c.dir/rosidl_typesupport_c/micro_ros_msgs/msg/node__type_support.cpp.o[0m
[14.400s] [ 72%] [32mBuilding CXX object CMakeFiles/micro_ros_msgs__rosidl_typesupport_c.dir/rosidl_typesupport_c/micro_ros_msgs/msg/graph__type_support.cpp.o[0m
[14.466s] [ 74%] [32mBuilding CXX object CMakeFiles/micro_ros_msgs__rosidl_typesupport_c.dir/rosidl_typesupport_c/micro_ros_msgs/msg/entity__type_support.cpp.o[0m
[14.526s] [ 76%] [32m[1mLinking CXX shared library libmicro_ros_msgs__rosidl_typesupport_c.so[0m
[14.626s] [ 76%] Built target micro_ros_msgs__rosidl_typesupport_c
[14.663s] [ 76%] Built target micro_ros_msgs
[14.701s] [ 78%] [34m[1mGenerating Python code for ROS interfaces[0m
[15.716s] [ 78%] Built target micro_ros_msgs__py
[15.752s] [ 82%] [32mBuilding C object CMakeFiles/micro_ros_msgs__rosidl_generator_py.dir/rosidl_generator_py/micro_ros_msgs/msg/_node_s.c.o[0m
[15.752s] [ 82%] [32mBuilding C object CMakeFiles/micro_ros_msgs__rosidl_generator_py.dir/rosidl_generator_py/micro_ros_msgs/msg/_graph_s.c.o[0m
[16.128s] [ 85%] [32mBuilding C object CMakeFiles/micro_ros_msgs__rosidl_generator_py.dir/rosidl_generator_py/micro_ros_msgs/msg/_entity_s.c.o[0m
[16.329s] [ 87%] [32m[1mLinking C shared library rosidl_generator_py/micro_ros_msgs/libmicro_ros_msgs__rosidl_generator_py.so[0m
[16.428s] [ 87%] Built target micro_ros_msgs__rosidl_generator_py
[16.463s] [ 89%] [32mBuilding C object CMakeFiles/micro_ros_msgs__rosidl_typesupport_fastrtps_c__pyext.dir/rosidl_generator_py/micro_ros_msgs/_micro_ros_msgs_s.ep.rosidl_typesupport_fastrtps_c.c.o[0m
[16.464s] [ 91%] [32mBuilding C object CMakeFiles/micro_ros_msgs__rosidl_typesupport_introspection_c__pyext.dir/rosidl_generator_py/micro_ros_msgs/_micro_ros_msgs_s.ep.rosidl_typesupport_introspection_c.c.o[0m
[16.677s] [ 93%] [32m[1mLinking C shared library rosidl_generator_py/micro_ros_msgs/micro_ros_msgs_s__rosidl_typesupport_introspection_c.cpython-310-x86_64-linux-gnu.so[0m
[16.678s] [ 95%] [32m[1mLinking C shared library rosidl_generator_py/micro_ros_msgs/micro_ros_msgs_s__rosidl_typesupport_fastrtps_c.cpython-310-x86_64-linux-gnu.so[0m
[16.745s] [ 95%] Built target micro_ros_msgs__rosidl_typesupport_introspection_c__pyext
[16.749s] [ 95%] Built target micro_ros_msgs__rosidl_typesupport_fastrtps_c__pyext
[16.778s] [ 97%] [32mBuilding C object CMakeFiles/micro_ros_msgs__rosidl_typesupport_c__pyext.dir/rosidl_generator_py/micro_ros_msgs/_micro_ros_msgs_s.ep.rosidl_typesupport_c.c.o[0m
[16.980s] [100%] [32m[1mLinking C shared library rosidl_generator_py/micro_ros_msgs/micro_ros_msgs_s__rosidl_typesupport_c.cpython-310-x86_64-linux-gnu.so[0m
[17.041s] [100%] Built target micro_ros_msgs__rosidl_typesupport_c__pyext
[17.066s] Invoked command in '/home/hell0/microros_ws/src/build/micro_ros_msgs' returned '0': CMAKE_PREFIX_PATH=/opt/ros/humble /usr/bin/cmake --build /home/hell0/microros_ws/src/build/micro_ros_msgs -- -j2 -l2
[17.344s] Invoking command in '/home/hell0/microros_ws/src/build/micro_ros_msgs': CMAKE_PREFIX_PATH=/opt/ros/humble /usr/bin/cmake --install /home/hell0/microros_ws/src/build/micro_ros_msgs
[17.361s] -- Install configuration: ""
[17.362s] -- Installing: /home/hell0/microros_ws/src/install/micro_ros_msgs/share/ament_index/resource_index/rosidl_interfaces/micro_ros_msgs
[17.362s] -- Installing: /home/hell0/microros_ws/src/install/micro_ros_msgs/include/micro_ros_msgs/micro_ros_msgs
[17.363s] -- Installing: /home/hell0/microros_ws/src/install/micro_ros_msgs/include/micro_ros_msgs/micro_ros_msgs/msg
[17.363s] -- Installing: /home/hell0/microros_ws/src/install/micro_ros_msgs/include/micro_ros_msgs/micro_ros_msgs/msg/rosidl_generator_c__visibility_control.h
[17.364s] -- Installing: /home/hell0/microros_ws/src/install/micro_ros_msgs/include/micro_ros_msgs/micro_ros_msgs/msg/node.h
[17.364s] -- Installing: /home/hell0/microros_ws/src/install/micro_ros_msgs/include/micro_ros_msgs/micro_ros_msgs/msg/detail
[17.365s] -- Installing: /home/hell0/microros_ws/src/install/micro_ros_msgs/include/micro_ros_msgs/micro_ros_msgs/msg/detail/node__functions.h
[17.365s] -- Installing: /home/hell0/microros_ws/src/install/micro_ros_msgs/include/micro_ros_msgs/micro_ros_msgs/msg/detail/entity__functions.h
[17.366s] -- Installing: /home/hell0/microros_ws/src/install/micro_ros_msgs/include/micro_ros_msgs/micro_ros_msgs/msg/detail/node__type_support.h
[17.366s] -- Installing: /home/hell0/microros_ws/src/install/micro_ros_msgs/include/micro_ros_msgs/micro_ros_msgs/msg/detail/node__functions.c
[17.366s] -- Installing: /home/hell0/microros_ws/src/install/micro_ros_msgs/include/micro_ros_msgs/micro_ros_msgs/msg/detail/entity__type_support.h
[17.367s] -- Installing: /home/hell0/microros_ws/src/install/micro_ros_msgs/include/micro_ros_msgs/micro_ros_msgs/msg/detail/entity__functions.c
[17.367s] -- Installing: /home/hell0/microros_ws/src/install/micro_ros_msgs/include/micro_ros_msgs/micro_ros_msgs/msg/detail/graph__type_support.h
[17.368s] -- Installing: /home/hell0/microros_ws/src/install/micro_ros_msgs/include/micro_ros_msgs/micro_ros_msgs/msg/detail/node__struct.h
[17.368s] -- Installing: /home/hell0/microros_ws/src/install/micro_ros_msgs/include/micro_ros_msgs/micro_ros_msgs/msg/detail/entity__struct.h
[17.369s] -- Installing: /home/hell0/microros_ws/src/install/micro_ros_msgs/include/micro_ros_msgs/micro_ros_msgs/msg/detail/graph__functions.h
[17.370s] -- Installing: /home/hell0/microros_ws/src/install/micro_ros_msgs/include/micro_ros_msgs/micro_ros_msgs/msg/detail/graph__functions.c
[17.370s] -- Installing: /home/hell0/microros_ws/src/install/micro_ros_msgs/include/micro_ros_msgs/micro_ros_msgs/msg/detail/graph__struct.h
[17.371s] -- Installing: /home/hell0/microros_ws/src/install/micro_ros_msgs/include/micro_ros_msgs/micro_ros_msgs/msg/entity.h
[17.371s] -- Installing: /home/hell0/microros_ws/src/install/micro_ros_msgs/include/micro_ros_msgs/micro_ros_msgs/msg/graph.h
[17.372s] -- Installing: /home/hell0/microros_ws/src/install/micro_ros_msgs/share/micro_ros_msgs/environment/library_path.sh
[17.373s] -- Installing: /home/hell0/microros_ws/src/install/micro_ros_msgs/share/micro_ros_msgs/environment/library_path.dsv
[17.373s] -- Installing: /home/hell0/microros_ws/src/install/micro_ros_msgs/lib/libmicro_ros_msgs__rosidl_generator_c.so
[17.375s] -- Set runtime path of "/home/hell0/microros_ws/src/install/micro_ros_msgs/lib/libmicro_ros_msgs__rosidl_generator_c.so" to ""
[17.375s] -- Up-to-date: /home/hell0/microros_ws/src/install/micro_ros_msgs/include/micro_ros_msgs/micro_ros_msgs
[17.376s] -- Up-to-date: /home/hell0/microros_ws/src/install/micro_ros_msgs/include/micro_ros_msgs/micro_ros_msgs/msg
[17.376s] -- Up-to-date: /home/hell0/microros_ws/src/install/micro_ros_msgs/include/micro_ros_msgs/micro_ros_msgs/msg/detail
[17.376s] -- Installing: /home/hell0/microros_ws/src/install/micro_ros_msgs/include/micro_ros_msgs/micro_ros_msgs/msg/detail/node__rosidl_typesupport_fastrtps_c.h
[17.377s] -- Installing: /home/hell0/microros_ws/src/install/micro_ros_msgs/include/micro_ros_msgs/micro_ros_msgs/msg/detail/graph__rosidl_typesupport_fastrtps_c.h
[17.378s] -- Installing: /home/hell0/microros_ws/src/install/micro_ros_msgs/include/micro_ros_msgs/micro_ros_msgs/msg/detail/entity__rosidl_typesupport_fastrtps_c.h
[17.378s] -- Installing: /home/hell0/microros_ws/src/install/micro_ros_msgs/include/micro_ros_msgs/micro_ros_msgs/msg/rosidl_typesupport_fastrtps_c__visibility_control.h
[17.379s] -- Installing: /home/hell0/microros_ws/src/install/micro_ros_msgs/lib/libmicro_ros_msgs__rosidl_typesupport_fastrtps_c.so
[17.380s] -- Set runtime path of "/home/hell0/microros_ws/src/install/micro_ros_msgs/lib/libmicro_ros_msgs__rosidl_typesupport_fastrtps_c.so" to ""
[17.381s] -- Up-to-date: /home/hell0/microros_ws/src/install/micro_ros_msgs/include/micro_ros_msgs/micro_ros_msgs
[17.381s] -- Up-to-date: /home/hell0/microros_ws/src/install/micro_ros_msgs/include/micro_ros_msgs/micro_ros_msgs/msg
[17.381s] -- Up-to-date: /home/hell0/microros_ws/src/install/micro_ros_msgs/include/micro_ros_msgs/micro_ros_msgs/msg/detail
[17.382s] -- Installing: /home/hell0/microros_ws/src/install/micro_ros_msgs/include/micro_ros_msgs/micro_ros_msgs/msg/detail/entity__rosidl_typesupport_introspection_c.h
[17.382s] -- Installing: /home/hell0/microros_ws/src/install/micro_ros_msgs/include/micro_ros_msgs/micro_ros_msgs/msg/detail/node__type_support.c
[17.383s] -- Installing: /home/hell0/microros_ws/src/install/micro_ros_msgs/include/micro_ros_msgs/micro_ros_msgs/msg/detail/node__rosidl_typesupport_introspection_c.h
[17.384s] -- Installing: /home/hell0/microros_ws/src/install/micro_ros_msgs/include/micro_ros_msgs/micro_ros_msgs/msg/detail/graph__rosidl_typesupport_introspection_c.h
[17.384s] -- Installing: /home/hell0/microros_ws/src/install/micro_ros_msgs/include/micro_ros_msgs/micro_ros_msgs/msg/detail/graph__type_support.c
[17.385s] -- Installing: /home/hell0/microros_ws/src/install/micro_ros_msgs/include/micro_ros_msgs/micro_ros_msgs/msg/detail/entity__type_support.c
[17.385s] -- Installing: /home/hell0/microros_ws/src/install/micro_ros_msgs/include/micro_ros_msgs/micro_ros_msgs/msg/rosidl_typesupport_introspection_c__visibility_control.h
[17.386s] -- Installing: /home/hell0/microros_ws/src/install/micro_ros_msgs/lib/libmicro_ros_msgs__rosidl_typesupport_introspection_c.so
[17.387s] -- Set runtime path of "/home/hell0/microros_ws/src/install/micro_ros_msgs/lib/libmicro_ros_msgs__rosidl_typesupport_introspection_c.so" to ""
[17.388s] -- Installing: /home/hell0/microros_ws/src/install/micro_ros_msgs/lib/libmicro_ros_msgs__rosidl_typesupport_c.so
[17.389s] -- Set runtime path of "/home/hell0/microros_ws/src/install/micro_ros_msgs/lib/libmicro_ros_msgs__rosidl_typesupport_c.so" to ""
[17.390s] -- Up-to-date: /home/hell0/microros_ws/src/install/micro_ros_msgs/include/micro_ros_msgs/micro_ros_msgs
[17.390s] -- Up-to-date: /home/hell0/microros_ws/src/install/micro_ros_msgs/include/micro_ros_msgs/micro_ros_msgs/msg
[17.390s] -- Installing: /home/hell0/microros_ws/src/install/micro_ros_msgs/include/micro_ros_msgs/micro_ros_msgs/msg/node.hpp
[17.391s] -- Installing: /home/hell0/microros_ws/src/install/micro_ros_msgs/include/micro_ros_msgs/micro_ros_msgs/msg/entity.hpp
[17.391s] -- Up-to-date: /home/hell0/microros_ws/src/install/micro_ros_msgs/include/micro_ros_msgs/micro_ros_msgs/msg/detail
[17.392s] -- Installing: /home/hell0/microros_ws/src/install/micro_ros_msgs/include/micro_ros_msgs/micro_ros_msgs/msg/detail/graph__builder.hpp
[17.392s] -- Installing: /home/hell0/microros_ws/src/install/micro_ros_msgs/include/micro_ros_msgs/micro_ros_msgs/msg/detail/node__builder.hpp
[17.392s] -- Installing: /home/hell0/microros_ws/src/install/micro_ros_msgs/include/micro_ros_msgs/micro_ros_msgs/msg/detail/entity__traits.hpp
[17.393s] -- Installing: /home/hell0/microros_ws/src/install/micro_ros_msgs/include/micro_ros_msgs/micro_ros_msgs/msg/detail/entity__builder.hpp
[17.394s] -- Installing: /home/hell0/microros_ws/src/install/micro_ros_msgs/include/micro_ros_msgs/micro_ros_msgs/msg/detail/graph__struct.hpp
[17.394s] -- Installing: /home/hell0/microros_ws/src/install/micro_ros_msgs/include/micro_ros_msgs/micro_ros_msgs/msg/detail/entity__struct.hpp
[17.395s] -- Installing: /home/hell0/microros_ws/src/install/micro_ros_msgs/include/micro_ros_msgs/micro_ros_msgs/msg/detail/node__traits.hpp
[17.395s] -- Installing: /home/hell0/microros_ws/src/install/micro_ros_msgs/include/micro_ros_msgs/micro_ros_msgs/msg/detail/node__struct.hpp
[17.396s] -- Installing: /home/hell0/microros_ws/src/install/micro_ros_msgs/include/micro_ros_msgs/micro_ros_msgs/msg/detail/graph__traits.hpp
[17.396s] -- Installing: /home/hell0/microros_ws/src/install/micro_ros_msgs/include/micro_ros_msgs/micro_ros_msgs/msg/graph.hpp
[17.397s] -- Up-to-date: /home/hell0/microros_ws/src/install/micro_ros_msgs/include/micro_ros_msgs/micro_ros_msgs
[17.397s] -- Up-to-date: /home/hell0/microros_ws/src/install/micro_ros_msgs/include/micro_ros_msgs/micro_ros_msgs/msg
[17.398s] -- Installing: /home/hell0/microros_ws/src/install/micro_ros_msgs/include/micro_ros_msgs/micro_ros_msgs/msg/rosidl_typesupport_fastrtps_cpp__visibility_control.h
[17.398s] -- Up-to-date: /home/hell0/microros_ws/src/install/micro_ros_msgs/include/micro_ros_msgs/micro_ros_msgs/msg/detail
[17.398s] -- Installing: /home/hell0/microros_ws/src/install/micro_ros_msgs/include/micro_ros_msgs/micro_ros_msgs/msg/detail/graph__rosidl_typesupport_fastrtps_cpp.hpp
[17.399s] -- Installing: /home/hell0/microros_ws/src/install/micro_ros_msgs/include/micro_ros_msgs/micro_ros_msgs/msg/detail/node__rosidl_typesupport_fastrtps_cpp.hpp
[17.400s] -- Installing: /home/hell0/microros_ws/src/install/micro_ros_msgs/include/micro_ros_msgs/micro_ros_msgs/msg/detail/dds_fastrtps
[17.401s] -- Installing: /home/hell0/microros_ws/src/install/micro_ros_msgs/include/micro_ros_msgs/micro_ros_msgs/msg/detail/entity__rosidl_typesupport_fastrtps_cpp.hpp
[17.401s] -- Installing: /home/hell0/microros_ws/src/install/micro_ros_msgs/lib/libmicro_ros_msgs__rosidl_typesupport_fastrtps_cpp.so
[17.403s] -- Set runtime path of "/home/hell0/microros_ws/src/install/micro_ros_msgs/lib/libmicro_ros_msgs__rosidl_typesupport_fastrtps_cpp.so" to ""
[17.403s] -- Up-to-date: /home/hell0/microros_ws/src/install/micro_ros_msgs/include/micro_ros_msgs/micro_ros_msgs
[17.404s] -- Up-to-date: /home/hell0/microros_ws/src/install/micro_ros_msgs/include/micro_ros_msgs/micro_ros_msgs/msg
[17.404s] -- Up-to-date: /home/hell0/microros_ws/src/install/micro_ros_msgs/include/micro_ros_msgs/micro_ros_msgs/msg/detail
[17.405s] -- Installing: /home/hell0/microros_ws/src/install/micro_ros_msgs/include/micro_ros_msgs/micro_ros_msgs/msg/detail/graph__type_support.cpp
[17.405s] -- Installing: /home/hell0/microros_ws/src/install/micro_ros_msgs/include/micro_ros_msgs/micro_ros_msgs/msg/detail/node__type_support.cpp
[17.405s] -- Installing: /home/hell0/microros_ws/src/install/micro_ros_msgs/include/micro_ros_msgs/micro_ros_msgs/msg/detail/entity__rosidl_typesupport_introspection_cpp.hpp
[17.406s] -- Installing: /home/hell0/microros_ws/src/install/micro_ros_msgs/include/micro_ros_msgs/micro_ros_msgs/msg/detail/graph__rosidl_typesupport_introspection_cpp.hpp
[17.406s] -- Installing: /home/hell0/microros_ws/src/install/micro_ros_msgs/include/micro_ros_msgs/micro_ros_msgs/msg/detail/entity__type_support.cpp
[17.407s] -- Installing: /home/hell0/microros_ws/src/install/micro_ros_msgs/include/micro_ros_msgs/micro_ros_msgs/msg/detail/node__rosidl_typesupport_introspection_cpp.hpp
[17.407s] -- Installing: /home/hell0/microros_ws/src/install/micro_ros_msgs/lib/libmicro_ros_msgs__rosidl_typesupport_introspection_cpp.so
[17.408s] -- Set runtime path of "/home/hell0/microros_ws/src/install/micro_ros_msgs/lib/libmicro_ros_msgs__rosidl_typesupport_introspection_cpp.so" to ""
[17.408s] -- Installing: /home/hell0/microros_ws/src/install/micro_ros_msgs/lib/libmicro_ros_msgs__rosidl_typesupport_cpp.so
[17.409s] -- Set runtime path of "/home/hell0/microros_ws/src/install/micro_ros_msgs/lib/libmicro_ros_msgs__rosidl_typesupport_cpp.so" to ""
[17.409s] -- Installing: /home/hell0/microros_ws/src/install/micro_ros_msgs/share/micro_ros_msgs/environment/pythonpath.sh
[17.409s] -- Installing: /home/hell0/microros_ws/src/install/micro_ros_msgs/share/micro_ros_msgs/environment/pythonpath.dsv
[17.410s] -- Installing: /home/hell0/microros_ws/src/install/micro_ros_msgs/local/lib/python3.10/dist-packages/micro_ros_msgs-3.0.1-py3.10.egg-info
[17.411s] -- Installing: /home/hell0/microros_ws/src/install/micro_ros_msgs/local/lib/python3.10/dist-packages/micro_ros_msgs-3.0.1-py3.10.egg-info/dependency_links.txt
[17.411s] -- Installing: /home/hell0/microros_ws/src/install/micro_ros_msgs/local/lib/python3.10/dist-packages/micro_ros_msgs-3.0.1-py3.10.egg-info/PKG-INFO
[17.411s] -- Installing: /home/hell0/microros_ws/src/install/micro_ros_msgs/local/lib/python3.10/dist-packages/micro_ros_msgs-3.0.1-py3.10.egg-info/SOURCES.txt
[17.411s] -- Installing: /home/hell0/microros_ws/src/install/micro_ros_msgs/local/lib/python3.10/dist-packages/micro_ros_msgs-3.0.1-py3.10.egg-info/top_level.txt
[17.412s] -- Installing: /home/hell0/microros_ws/src/install/micro_ros_msgs/local/lib/python3.10/dist-packages/micro_ros_msgs
[17.412s] -- Installing: /home/hell0/microros_ws/src/install/micro_ros_msgs/local/lib/python3.10/dist-packages/micro_ros_msgs/msg
[17.412s] -- Installing: /home/hell0/microros_ws/src/install/micro_ros_msgs/local/lib/python3.10/dist-packages/micro_ros_msgs/msg/__init__.py
[17.412s] -- Installing: /home/hell0/microros_ws/src/install/micro_ros_msgs/local/lib/python3.10/dist-packages/micro_ros_msgs/msg/_entity.py
[17.413s] -- Installing: /home/hell0/microros_ws/src/install/micro_ros_msgs/local/lib/python3.10/dist-packages/micro_ros_msgs/msg/_graph_s.c
[17.413s] -- Installing: /home/hell0/microros_ws/src/install/micro_ros_msgs/local/lib/python3.10/dist-packages/micro_ros_msgs/msg/_entity_s.c
[17.413s] -- Installing: /home/hell0/microros_ws/src/install/micro_ros_msgs/local/lib/python3.10/dist-packages/micro_ros_msgs/msg/_graph.py
[17.413s] -- Installing: /home/hell0/microros_ws/src/install/micro_ros_msgs/local/lib/python3.10/dist-packages/micro_ros_msgs/msg/_node.py
[17.413s] -- Installing: /home/hell0/microros_ws/src/install/micro_ros_msgs/local/lib/python3.10/dist-packages/micro_ros_msgs/msg/_node_s.c
[17.414s] -- Installing: /home/hell0/microros_ws/src/install/micro_ros_msgs/local/lib/python3.10/dist-packages/micro_ros_msgs/__init__.py
[17.414s] -- Installing: /home/hell0/microros_ws/src/install/micro_ros_msgs/local/lib/python3.10/dist-packages/micro_ros_msgs/_micro_ros_msgs_s.ep.rosidl_typesupport_fastrtps_c.c
[17.414s] -- Installing: /home/hell0/microros_ws/src/install/micro_ros_msgs/local/lib/python3.10/dist-packages/micro_ros_msgs/_micro_ros_msgs_s.ep.rosidl_typesupport_c.c
[17.414s] -- Installing: /home/hell0/microros_ws/src/install/micro_ros_msgs/local/lib/python3.10/dist-packages/micro_ros_msgs/micro_ros_msgs_s__rosidl_typesupport_c.cpython-310-x86_64-linux-gnu.so
[17.415s] -- Installing: /home/hell0/microros_ws/src/install/micro_ros_msgs/local/lib/python3.10/dist-packages/micro_ros_msgs/micro_ros_msgs_s__rosidl_typesupport_fastrtps_c.cpython-310-x86_64-linux-gnu.so
[17.415s] -- Installing: /home/hell0/microros_ws/src/install/micro_ros_msgs/local/lib/python3.10/dist-packages/micro_ros_msgs/_micro_ros_msgs_s.ep.rosidl_typesupport_introspection_c.c
[17.415s] -- Installing: /home/hell0/microros_ws/src/install/micro_ros_msgs/local/lib/python3.10/dist-packages/micro_ros_msgs/libmicro_ros_msgs__rosidl_generator_py.so
[17.415s] -- Installing: /home/hell0/microros_ws/src/install/micro_ros_msgs/local/lib/python3.10/dist-packages/micro_ros_msgs/micro_ros_msgs_s__rosidl_typesupport_introspection_c.cpython-310-x86_64-linux-gnu.so
[17.499s] Listing '/home/hell0/microros_ws/src/install/micro_ros_msgs/local/lib/python3.10/dist-packages/micro_ros_msgs'...
[17.500s] Compiling '/home/hell0/microros_ws/src/install/micro_ros_msgs/local/lib/python3.10/dist-packages/micro_ros_msgs/__init__.py'...
[17.500s] Listing '/home/hell0/microros_ws/src/install/micro_ros_msgs/local/lib/python3.10/dist-packages/micro_ros_msgs/msg'...
[17.500s] Compiling '/home/hell0/microros_ws/src/install/micro_ros_msgs/local/lib/python3.10/dist-packages/micro_ros_msgs/msg/__init__.py'...
[17.500s] Compiling '/home/hell0/microros_ws/src/install/micro_ros_msgs/local/lib/python3.10/dist-packages/micro_ros_msgs/msg/_entity.py'...
[17.500s] Compiling '/home/hell0/microros_ws/src/install/micro_ros_msgs/local/lib/python3.10/dist-packages/micro_ros_msgs/msg/_graph.py'...
[17.500s] Compiling '/home/hell0/microros_ws/src/install/micro_ros_msgs/local/lib/python3.10/dist-packages/micro_ros_msgs/msg/_node.py'...
[17.510s] -- Installing: /home/hell0/microros_ws/src/install/micro_ros_msgs/local/lib/python3.10/dist-packages/micro_ros_msgs/micro_ros_msgs_s__rosidl_typesupport_fastrtps_c.cpython-310-x86_64-linux-gnu.so
[17.510s] -- Set runtime path of "/home/hell0/microros_ws/src/install/micro_ros_msgs/local/lib/python3.10/dist-packages/micro_ros_msgs/micro_ros_msgs_s__rosidl_typesupport_fastrtps_c.cpython-310-x86_64-linux-gnu.so" to ""
[17.511s] -- Installing: /home/hell0/microros_ws/src/install/micro_ros_msgs/local/lib/python3.10/dist-packages/micro_ros_msgs/micro_ros_msgs_s__rosidl_typesupport_introspection_c.cpython-310-x86_64-linux-gnu.so
[17.511s] -- Set runtime path of "/home/hell0/microros_ws/src/install/micro_ros_msgs/local/lib/python3.10/dist-packages/micro_ros_msgs/micro_ros_msgs_s__rosidl_typesupport_introspection_c.cpython-310-x86_64-linux-gnu.so" to ""
[17.511s] -- Installing: /home/hell0/microros_ws/src/install/micro_ros_msgs/local/lib/python3.10/dist-packages/micro_ros_msgs/micro_ros_msgs_s__rosidl_typesupport_c.cpython-310-x86_64-linux-gnu.so
[17.511s] -- Set runtime path of "/home/hell0/microros_ws/src/install/micro_ros_msgs/local/lib/python3.10/dist-packages/micro_ros_msgs/micro_ros_msgs_s__rosidl_typesupport_c.cpython-310-x86_64-linux-gnu.so" to ""
[17.511s] -- Installing: /home/hell0/microros_ws/src/install/micro_ros_msgs/lib/libmicro_ros_msgs__rosidl_generator_py.so
[17.512s] -- Set runtime path of "/home/hell0/microros_ws/src/install/micro_ros_msgs/lib/libmicro_ros_msgs__rosidl_generator_py.so" to ""
[17.512s] -- Installing: /home/hell0/microros_ws/src/install/micro_ros_msgs/share/micro_ros_msgs/msg/Graph.idl
[17.512s] -- Installing: /home/hell0/microros_ws/src/install/micro_ros_msgs/share/micro_ros_msgs/msg/Node.idl
[17.512s] -- Installing: /home/hell0/microros_ws/src/install/micro_ros_msgs/share/micro_ros_msgs/msg/Entity.idl
[17.513s] -- Installing: /home/hell0/microros_ws/src/install/micro_ros_msgs/share/micro_ros_msgs/msg/Graph.msg
[17.513s] -- Installing: /home/hell0/microros_ws/src/install/micro_ros_msgs/share/micro_ros_msgs/msg/Node.msg
[17.513s] -- Installing: /home/hell0/microros_ws/src/install/micro_ros_msgs/share/micro_ros_msgs/msg/Entity.msg
[17.513s] -- Installing: /home/hell0/microros_ws/src/install/micro_ros_msgs/share/ament_index/resource_index/package_run_dependencies/micro_ros_msgs
[17.514s] -- Installing: /home/hell0/microros_ws/src/install/micro_ros_msgs/share/ament_index/resource_index/parent_prefix_path/micro_ros_msgs
[17.514s] -- Installing: /home/hell0/microros_ws/src/install/micro_ros_msgs/share/micro_ros_msgs/environment/ament_prefix_path.sh
[17.514s] -- Installing: /home/hell0/microros_ws/src/install/micro_ros_msgs/share/micro_ros_msgs/environment/ament_prefix_path.dsv
[17.514s] -- Installing: /home/hell0/microros_ws/src/install/micro_ros_msgs/share/micro_ros_msgs/environment/path.sh
[17.515s] -- Installing: /home/hell0/microros_ws/src/install/micro_ros_msgs/share/micro_ros_msgs/environment/path.dsv
[17.515s] -- Installing: /home/hell0/microros_ws/src/install/micro_ros_msgs/share/micro_ros_msgs/local_setup.bash
[17.515s] -- Installing: /home/hell0/microros_ws/src/install/micro_ros_msgs/share/micro_ros_msgs/local_setup.sh
[17.515s] -- Installing: /home/hell0/microros_ws/src/install/micro_ros_msgs/share/micro_ros_msgs/local_setup.zsh
[17.516s] -- Installing: /home/hell0/microros_ws/src/install/micro_ros_msgs/share/micro_ros_msgs/local_setup.dsv
[17.516s] -- Installing: /home/hell0/microros_ws/src/install/micro_ros_msgs/share/micro_ros_msgs/package.dsv
[17.516s] -- Installing: /home/hell0/microros_ws/src/install/micro_ros_msgs/share/ament_index/resource_index/packages/micro_ros_msgs
[17.516s] -- Installing: /home/hell0/microros_ws/src/install/micro_ros_msgs/share/micro_ros_msgs/cmake/export_micro_ros_msgs__rosidl_generator_cExport.cmake
[17.517s] -- Installing: /home/hell0/microros_ws/src/install/micro_ros_msgs/share/micro_ros_msgs/cmake/export_micro_ros_msgs__rosidl_generator_cExport-noconfig.cmake
[17.517s] -- Installing: /home/hell0/microros_ws/src/install/micro_ros_msgs/share/micro_ros_msgs/cmake/export_micro_ros_msgs__rosidl_typesupport_fastrtps_cExport.cmake
[17.517s] -- Installing: /home/hell0/microros_ws/src/install/micro_ros_msgs/share/micro_ros_msgs/cmake/export_micro_ros_msgs__rosidl_typesupport_fastrtps_cExport-noconfig.cmake
[17.517s] -- Installing: /home/hell0/microros_ws/src/install/micro_ros_msgs/share/micro_ros_msgs/cmake/micro_ros_msgs__rosidl_typesupport_introspection_cExport.cmake
[17.518s] -- Installing: /home/hell0/microros_ws/src/install/micro_ros_msgs/share/micro_ros_msgs/cmake/micro_ros_msgs__rosidl_typesupport_introspection_cExport-noconfig.cmake
[17.518s] -- Installing: /home/hell0/microros_ws/src/install/micro_ros_msgs/share/micro_ros_msgs/cmake/micro_ros_msgs__rosidl_typesupport_cExport.cmake
[17.518s] -- Installing: /home/hell0/microros_ws/src/install/micro_ros_msgs/share/micro_ros_msgs/cmake/micro_ros_msgs__rosidl_typesupport_cExport-noconfig.cmake
[17.518s] -- Installing: /home/hell0/microros_ws/src/install/micro_ros_msgs/share/micro_ros_msgs/cmake/export_micro_ros_msgs__rosidl_generator_cppExport.cmake
[17.518s] -- Installing: /home/hell0/microros_ws/src/install/micro_ros_msgs/share/micro_ros_msgs/cmake/export_micro_ros_msgs__rosidl_typesupport_fastrtps_cppExport.cmake
[17.519s] -- Installing: /home/hell0/microros_ws/src/install/micro_ros_msgs/share/micro_ros_msgs/cmake/export_micro_ros_msgs__rosidl_typesupport_fastrtps_cppExport-noconfig.cmake
[17.519s] -- Installing: /home/hell0/microros_ws/src/install/micro_ros_msgs/share/micro_ros_msgs/cmake/micro_ros_msgs__rosidl_typesupport_introspection_cppExport.cmake
[17.519s] -- Installing: /home/hell0/microros_ws/src/install/micro_ros_msgs/share/micro_ros_msgs/cmake/micro_ros_msgs__rosidl_typesupport_introspection_cppExport-noconfig.cmake
[17.519s] -- Installing: /home/hell0/microros_ws/src/install/micro_ros_msgs/share/micro_ros_msgs/cmake/micro_ros_msgs__rosidl_typesupport_cppExport.cmake
[17.519s] -- Installing: /home/hell0/microros_ws/src/install/micro_ros_msgs/share/micro_ros_msgs/cmake/micro_ros_msgs__rosidl_typesupport_cppExport-noconfig.cmake
[17.520s] -- Installing: /home/hell0/microros_ws/src/install/micro_ros_msgs/share/micro_ros_msgs/cmake/export_micro_ros_msgs__rosidl_generator_pyExport.cmake
[17.520s] -- Installing: /home/hell0/microros_ws/src/install/micro_ros_msgs/share/micro_ros_msgs/cmake/export_micro_ros_msgs__rosidl_generator_pyExport-noconfig.cmake
[17.520s] -- Installing: /home/hell0/microros_ws/src/install/micro_ros_msgs/share/micro_ros_msgs/cmake/rosidl_cmake-extras.cmake
[17.520s] -- Installing: /home/hell0/microros_ws/src/install/micro_ros_msgs/share/micro_ros_msgs/cmake/ament_cmake_export_include_directories-extras.cmake
[17.521s] -- Installing: /home/hell0/microros_ws/src/install/micro_ros_msgs/share/micro_ros_msgs/cmake/ament_cmake_export_libraries-extras.cmake
[17.521s] -- Installing: /home/hell0/microros_ws/src/install/micro_ros_msgs/share/micro_ros_msgs/cmake/ament_cmake_export_targets-extras.cmake
[17.521s] -- Installing: /home/hell0/microros_ws/src/install/micro_ros_msgs/share/micro_ros_msgs/cmake/rosidl_cmake_export_typesupport_targets-extras.cmake
[17.521s] -- Installing: /home/hell0/microros_ws/src/install/micro_ros_msgs/share/micro_ros_msgs/cmake/ament_cmake_export_dependencies-extras.cmake
[17.522s] -- Installing: /home/hell0/microros_ws/src/install/micro_ros_msgs/share/micro_ros_msgs/cmake/rosidl_cmake_export_typesupport_libraries-extras.cmake
[17.522s] -- Installing: /home/hell0/microros_ws/src/install/micro_ros_msgs/share/micro_ros_msgs/cmake/micro_ros_msgsConfig.cmake
[17.523s] -- Installing: /home/hell0/microros_ws/src/install/micro_ros_msgs/share/micro_ros_msgs/cmake/micro_ros_msgsConfig-version.cmake
[17.523s] -- Installing: /home/hell0/microros_ws/src/install/micro_ros_msgs/share/micro_ros_msgs/package.xml
[17.526s] Invoked command in '/home/hell0/microros_ws/src/build/micro_ros_msgs' returned '0': CMAKE_PREFIX_PATH=/opt/ros/humble /usr/bin/cmake --install /home/hell0/microros_ws/src/build/micro_ros_msgs
