[0.009s] Invoking command in '/home/hell0/microros_ws/src/build/micro_ros_msgs': CMAKE_PREFIX_PATH=/opt/ros/humble /usr/bin/cmake --build /home/hell0/microros_ws/src/build/micro_ros_msgs -- -j2 -l2
[0.110s] [  2%] Built target micro_ros_msgs__cpp
[0.117s] [ 12%] Built target micro_ros_msgs__rosidl_generator_c
[0.166s] [ 14%] Built target ament_cmake_python_copy_micro_ros_msgs
[0.166s] [ 23%] Built target micro_ros_msgs__rosidl_typesupport_cpp
[0.206s] [ 34%] Built target micro_ros_msgs__rosidl_typesupport_introspection_c
[0.207s] [ 44%] Built target micro_ros_msgs__rosidl_typesupport_fastrtps_c
[0.247s] [ 55%] Built target micro_ros_msgs__rosidl_typesupport_c
[0.256s] [ 65%] Built target micro_ros_msgs__rosidl_typesupport_fastrtps_cpp
[0.292s] [ 76%] Built target micro_ros_msgs__rosidl_typesupport_introspection_cpp
[0.336s] [ 76%] Built target micro_ros_msgs
[0.376s] [ 78%] Built target micro_ros_msgs__py
[0.417s] [ 87%] Built target micro_ros_msgs__rosidl_generator_py
[0.463s] [ 91%] Built target micro_ros_msgs__rosidl_typesupport_fastrtps_c__pyext
[0.504s] [ 95%] Built target micro_ros_msgs__rosidl_typesupport_introspection_c__pyext
[0.542s] [100%] Built target micro_ros_msgs__rosidl_typesupport_c__pyext
[0.732s] running egg_info
[0.733s] writing micro_ros_msgs.egg-info/PKG-INFO
[0.734s] writing dependency_links to micro_ros_msgs.egg-info/dependency_links.txt
[0.735s] writing top-level names to micro_ros_msgs.egg-info/top_level.txt
[0.739s] reading manifest file 'micro_ros_msgs.egg-info/SOURCES.txt'
[0.740s] writing manifest file 'micro_ros_msgs.egg-info/SOURCES.txt'
[0.795s] [100%] Built target ament_cmake_python_build_micro_ros_msgs_egg
[0.825s] Invoked command in '/home/hell0/microros_ws/src/build/micro_ros_msgs' returned '0': CMAKE_PREFIX_PATH=/opt/ros/humble /usr/bin/cmake --build /home/hell0/microros_ws/src/build/micro_ros_msgs -- -j2 -l2
[1.180s] Invoking command in '/home/hell0/microros_ws/src/build/micro_ros_msgs': CMAKE_PREFIX_PATH=/opt/ros/humble /usr/bin/cmake --install /home/hell0/microros_ws/src/build/micro_ros_msgs
[1.212s] -- Install configuration: ""
[1.212s] -- Up-to-date: /home/hell0/microros_ws/src/install/micro_ros_msgs/share/ament_index/resource_index/rosidl_interfaces/micro_ros_msgs
[1.212s] -- Up-to-date: /home/hell0/microros_ws/src/install/micro_ros_msgs/include/micro_ros_msgs/micro_ros_msgs
[1.213s] -- Up-to-date: /home/hell0/microros_ws/src/install/micro_ros_msgs/include/micro_ros_msgs/micro_ros_msgs/msg
[1.213s] -- Up-to-date: /home/hell0/microros_ws/src/install/micro_ros_msgs/include/micro_ros_msgs/micro_ros_msgs/msg/rosidl_generator_c__visibility_control.h
[1.213s] -- Up-to-date: /home/hell0/microros_ws/src/install/micro_ros_msgs/include/micro_ros_msgs/micro_ros_msgs/msg/node.h
[1.213s] -- Up-to-date: /home/hell0/microros_ws/src/install/micro_ros_msgs/include/micro_ros_msgs/micro_ros_msgs/msg/detail
[1.214s] -- Up-to-date: /home/hell0/microros_ws/src/install/micro_ros_msgs/include/micro_ros_msgs/micro_ros_msgs/msg/detail/node__functions.h
[1.214s] -- Up-to-date: /home/hell0/microros_ws/src/install/micro_ros_msgs/include/micro_ros_msgs/micro_ros_msgs/msg/detail/entity__functions.h
[1.214s] -- Up-to-date: /home/hell0/microros_ws/src/install/micro_ros_msgs/include/micro_ros_msgs/micro_ros_msgs/msg/detail/node__type_support.h
[1.214s] -- Up-to-date: /home/hell0/microros_ws/src/install/micro_ros_msgs/include/micro_ros_msgs/micro_ros_msgs/msg/detail/node__functions.c
[1.215s] -- Up-to-date: /home/hell0/microros_ws/src/install/micro_ros_msgs/include/micro_ros_msgs/micro_ros_msgs/msg/detail/entity__type_support.h
[1.215s] -- Up-to-date: /home/hell0/microros_ws/src/install/micro_ros_msgs/include/micro_ros_msgs/micro_ros_msgs/msg/detail/entity__functions.c
[1.215s] -- Up-to-date: /home/hell0/microros_ws/src/install/micro_ros_msgs/include/micro_ros_msgs/micro_ros_msgs/msg/detail/graph__type_support.h
[1.215s] -- Up-to-date: /home/hell0/microros_ws/src/install/micro_ros_msgs/include/micro_ros_msgs/micro_ros_msgs/msg/detail/node__struct.h
[1.216s] -- Up-to-date: /home/hell0/microros_ws/src/install/micro_ros_msgs/include/micro_ros_msgs/micro_ros_msgs/msg/detail/entity__struct.h
[1.216s] -- Up-to-date: /home/hell0/microros_ws/src/install/micro_ros_msgs/include/micro_ros_msgs/micro_ros_msgs/msg/detail/graph__functions.h
[1.217s] -- Up-to-date: /home/hell0/microros_ws/src/install/micro_ros_msgs/include/micro_ros_msgs/micro_ros_msgs/msg/detail/graph__functions.c
[1.217s] -- Up-to-date: /home/hell0/microros_ws/src/install/micro_ros_msgs/include/micro_ros_msgs/micro_ros_msgs/msg/detail/graph__struct.h
[1.217s] -- Up-to-date: /home/hell0/microros_ws/src/install/micro_ros_msgs/include/micro_ros_msgs/micro_ros_msgs/msg/entity.h
[1.217s] -- Up-to-date: /home/hell0/microros_ws/src/install/micro_ros_msgs/include/micro_ros_msgs/micro_ros_msgs/msg/graph.h
[1.217s] -- Up-to-date: /home/hell0/microros_ws/src/install/micro_ros_msgs/share/micro_ros_msgs/environment/library_path.sh
[1.218s] -- Up-to-date: /home/hell0/microros_ws/src/install/micro_ros_msgs/share/micro_ros_msgs/environment/library_path.dsv
[1.218s] -- Up-to-date: /home/hell0/microros_ws/src/install/micro_ros_msgs/lib/libmicro_ros_msgs__rosidl_generator_c.so
[1.218s] -- Up-to-date: /home/hell0/microros_ws/src/install/micro_ros_msgs/include/micro_ros_msgs/micro_ros_msgs
[1.218s] -- Up-to-date: /home/hell0/microros_ws/src/install/micro_ros_msgs/include/micro_ros_msgs/micro_ros_msgs/msg
[1.218s] -- Up-to-date: /home/hell0/microros_ws/src/install/micro_ros_msgs/include/micro_ros_msgs/micro_ros_msgs/msg/detail
[1.218s] -- Up-to-date: /home/hell0/microros_ws/src/install/micro_ros_msgs/include/micro_ros_msgs/micro_ros_msgs/msg/detail/node__rosidl_typesupport_fastrtps_c.h
[1.219s] -- Up-to-date: /home/hell0/microros_ws/src/install/micro_ros_msgs/include/micro_ros_msgs/micro_ros_msgs/msg/detail/graph__rosidl_typesupport_fastrtps_c.h
[1.219s] -- Up-to-date: /home/hell0/microros_ws/src/install/micro_ros_msgs/include/micro_ros_msgs/micro_ros_msgs/msg/detail/entity__rosidl_typesupport_fastrtps_c.h
[1.219s] -- Up-to-date: /home/hell0/microros_ws/src/install/micro_ros_msgs/include/micro_ros_msgs/micro_ros_msgs/msg/rosidl_typesupport_fastrtps_c__visibility_control.h
[1.219s] -- Up-to-date: /home/hell0/microros_ws/src/install/micro_ros_msgs/lib/libmicro_ros_msgs__rosidl_typesupport_fastrtps_c.so
[1.220s] -- Up-to-date: /home/hell0/microros_ws/src/install/micro_ros_msgs/include/micro_ros_msgs/micro_ros_msgs
[1.220s] -- Up-to-date: /home/hell0/microros_ws/src/install/micro_ros_msgs/include/micro_ros_msgs/micro_ros_msgs/msg
[1.220s] -- Up-to-date: /home/hell0/microros_ws/src/install/micro_ros_msgs/include/micro_ros_msgs/micro_ros_msgs/msg/detail
[1.220s] -- Up-to-date: /home/hell0/microros_ws/src/install/micro_ros_msgs/include/micro_ros_msgs/micro_ros_msgs/msg/detail/entity__rosidl_typesupport_introspection_c.h
[1.220s] -- Up-to-date: /home/hell0/microros_ws/src/install/micro_ros_msgs/include/micro_ros_msgs/micro_ros_msgs/msg/detail/node__type_support.c
[1.221s] -- Up-to-date: /home/hell0/microros_ws/src/install/micro_ros_msgs/include/micro_ros_msgs/micro_ros_msgs/msg/detail/node__rosidl_typesupport_introspection_c.h
[1.221s] -- Up-to-date: /home/hell0/microros_ws/src/install/micro_ros_msgs/include/micro_ros_msgs/micro_ros_msgs/msg/detail/graph__rosidl_typesupport_introspection_c.h
[1.221s] -- Up-to-date: /home/hell0/microros_ws/src/install/micro_ros_msgs/include/micro_ros_msgs/micro_ros_msgs/msg/detail/graph__type_support.c
[1.221s] -- Up-to-date: /home/hell0/microros_ws/src/install/micro_ros_msgs/include/micro_ros_msgs/micro_ros_msgs/msg/detail/entity__type_support.c
[1.222s] -- Up-to-date: /home/hell0/microros_ws/src/install/micro_ros_msgs/include/micro_ros_msgs/micro_ros_msgs/msg/rosidl_typesupport_introspection_c__visibility_control.h
[1.222s] -- Up-to-date: /home/hell0/microros_ws/src/install/micro_ros_msgs/lib/libmicro_ros_msgs__rosidl_typesupport_introspection_c.so
[1.222s] -- Up-to-date: /home/hell0/microros_ws/src/install/micro_ros_msgs/lib/libmicro_ros_msgs__rosidl_typesupport_c.so
[1.223s] -- Up-to-date: /home/hell0/microros_ws/src/install/micro_ros_msgs/include/micro_ros_msgs/micro_ros_msgs
[1.223s] -- Up-to-date: /home/hell0/microros_ws/src/install/micro_ros_msgs/include/micro_ros_msgs/micro_ros_msgs/msg
[1.223s] -- Up-to-date: /home/hell0/microros_ws/src/install/micro_ros_msgs/include/micro_ros_msgs/micro_ros_msgs/msg/node.hpp
[1.223s] -- Up-to-date: /home/hell0/microros_ws/src/install/micro_ros_msgs/include/micro_ros_msgs/micro_ros_msgs/msg/entity.hpp
[1.223s] -- Up-to-date: /home/hell0/microros_ws/src/install/micro_ros_msgs/include/micro_ros_msgs/micro_ros_msgs/msg/detail
[1.223s] -- Up-to-date: /home/hell0/microros_ws/src/install/micro_ros_msgs/include/micro_ros_msgs/micro_ros_msgs/msg/detail/graph__builder.hpp
[1.224s] -- Up-to-date: /home/hell0/microros_ws/src/install/micro_ros_msgs/include/micro_ros_msgs/micro_ros_msgs/msg/detail/node__builder.hpp
[1.224s] -- Up-to-date: /home/hell0/microros_ws/src/install/micro_ros_msgs/include/micro_ros_msgs/micro_ros_msgs/msg/detail/entity__traits.hpp
[1.224s] -- Up-to-date: /home/hell0/microros_ws/src/install/micro_ros_msgs/include/micro_ros_msgs/micro_ros_msgs/msg/detail/entity__builder.hpp
[1.224s] -- Up-to-date: /home/hell0/microros_ws/src/install/micro_ros_msgs/include/micro_ros_msgs/micro_ros_msgs/msg/detail/graph__struct.hpp
[1.224s] -- Up-to-date: /home/hell0/microros_ws/src/install/micro_ros_msgs/include/micro_ros_msgs/micro_ros_msgs/msg/detail/entity__struct.hpp
[1.224s] -- Up-to-date: /home/hell0/microros_ws/src/install/micro_ros_msgs/include/micro_ros_msgs/micro_ros_msgs/msg/detail/node__traits.hpp
[1.224s] -- Up-to-date: /home/hell0/microros_ws/src/install/micro_ros_msgs/include/micro_ros_msgs/micro_ros_msgs/msg/detail/node__struct.hpp
[1.224s] -- Up-to-date: /home/hell0/microros_ws/src/install/micro_ros_msgs/include/micro_ros_msgs/micro_ros_msgs/msg/detail/graph__traits.hpp
[1.224s] -- Up-to-date: /home/hell0/microros_ws/src/install/micro_ros_msgs/include/micro_ros_msgs/micro_ros_msgs/msg/graph.hpp
[1.225s] -- Up-to-date: /home/hell0/microros_ws/src/install/micro_ros_msgs/include/micro_ros_msgs/micro_ros_msgs
[1.225s] -- Up-to-date: /home/hell0/microros_ws/src/install/micro_ros_msgs/include/micro_ros_msgs/micro_ros_msgs/msg
[1.225s] -- Up-to-date: /home/hell0/microros_ws/src/install/micro_ros_msgs/include/micro_ros_msgs/micro_ros_msgs/msg/rosidl_typesupport_fastrtps_cpp__visibility_control.h
[1.225s] -- Up-to-date: /home/hell0/microros_ws/src/install/micro_ros_msgs/include/micro_ros_msgs/micro_ros_msgs/msg/detail
[1.225s] -- Up-to-date: /home/hell0/microros_ws/src/install/micro_ros_msgs/include/micro_ros_msgs/micro_ros_msgs/msg/detail/graph__rosidl_typesupport_fastrtps_cpp.hpp
[1.225s] -- Up-to-date: /home/hell0/microros_ws/src/install/micro_ros_msgs/include/micro_ros_msgs/micro_ros_msgs/msg/detail/node__rosidl_typesupport_fastrtps_cpp.hpp
[1.225s] -- Up-to-date: /home/hell0/microros_ws/src/install/micro_ros_msgs/include/micro_ros_msgs/micro_ros_msgs/msg/detail/dds_fastrtps
[1.225s] -- Up-to-date: /home/hell0/microros_ws/src/install/micro_ros_msgs/include/micro_ros_msgs/micro_ros_msgs/msg/detail/entity__rosidl_typesupport_fastrtps_cpp.hpp
[1.225s] -- Up-to-date: /home/hell0/microros_ws/src/install/micro_ros_msgs/lib/libmicro_ros_msgs__rosidl_typesupport_fastrtps_cpp.so
[1.226s] -- Up-to-date: /home/hell0/microros_ws/src/install/micro_ros_msgs/include/micro_ros_msgs/micro_ros_msgs
[1.226s] -- Up-to-date: /home/hell0/microros_ws/src/install/micro_ros_msgs/include/micro_ros_msgs/micro_ros_msgs/msg
[1.226s] -- Up-to-date: /home/hell0/microros_ws/src/install/micro_ros_msgs/include/micro_ros_msgs/micro_ros_msgs/msg/detail
[1.226s] -- Up-to-date: /home/hell0/microros_ws/src/install/micro_ros_msgs/include/micro_ros_msgs/micro_ros_msgs/msg/detail/graph__type_support.cpp
[1.226s] -- Up-to-date: /home/hell0/microros_ws/src/install/micro_ros_msgs/include/micro_ros_msgs/micro_ros_msgs/msg/detail/node__type_support.cpp
[1.226s] -- Up-to-date: /home/hell0/microros_ws/src/install/micro_ros_msgs/include/micro_ros_msgs/micro_ros_msgs/msg/detail/entity__rosidl_typesupport_introspection_cpp.hpp
[1.226s] -- Up-to-date: /home/hell0/microros_ws/src/install/micro_ros_msgs/include/micro_ros_msgs/micro_ros_msgs/msg/detail/graph__rosidl_typesupport_introspection_cpp.hpp
[1.226s] -- Up-to-date: /home/hell0/microros_ws/src/install/micro_ros_msgs/include/micro_ros_msgs/micro_ros_msgs/msg/detail/entity__type_support.cpp
[1.226s] -- Up-to-date: /home/hell0/microros_ws/src/install/micro_ros_msgs/include/micro_ros_msgs/micro_ros_msgs/msg/detail/node__rosidl_typesupport_introspection_cpp.hpp
[1.227s] -- Up-to-date: /home/hell0/microros_ws/src/install/micro_ros_msgs/lib/libmicro_ros_msgs__rosidl_typesupport_introspection_cpp.so
[1.227s] -- Up-to-date: /home/hell0/microros_ws/src/install/micro_ros_msgs/lib/libmicro_ros_msgs__rosidl_typesupport_cpp.so
[1.227s] -- Up-to-date: /home/hell0/microros_ws/src/install/micro_ros_msgs/share/micro_ros_msgs/environment/pythonpath.sh
[1.227s] -- Up-to-date: /home/hell0/microros_ws/src/install/micro_ros_msgs/share/micro_ros_msgs/environment/pythonpath.dsv
[1.227s] -- Up-to-date: /home/hell0/microros_ws/src/install/micro_ros_msgs/local/lib/python3.10/dist-packages/micro_ros_msgs-3.0.1-py3.10.egg-info
[1.227s] -- Installing: /home/hell0/microros_ws/src/install/micro_ros_msgs/local/lib/python3.10/dist-packages/micro_ros_msgs-3.0.1-py3.10.egg-info/dependency_links.txt
[1.228s] -- Installing: /home/hell0/microros_ws/src/install/micro_ros_msgs/local/lib/python3.10/dist-packages/micro_ros_msgs-3.0.1-py3.10.egg-info/PKG-INFO
[1.228s] -- Installing: /home/hell0/microros_ws/src/install/micro_ros_msgs/local/lib/python3.10/dist-packages/micro_ros_msgs-3.0.1-py3.10.egg-info/SOURCES.txt
[1.228s] -- Installing: /home/hell0/microros_ws/src/install/micro_ros_msgs/local/lib/python3.10/dist-packages/micro_ros_msgs-3.0.1-py3.10.egg-info/top_level.txt
[1.228s] -- Up-to-date: /home/hell0/microros_ws/src/install/micro_ros_msgs/local/lib/python3.10/dist-packages/micro_ros_msgs
[1.228s] -- Up-to-date: /home/hell0/microros_ws/src/install/micro_ros_msgs/local/lib/python3.10/dist-packages/micro_ros_msgs/msg
[1.228s] -- Up-to-date: /home/hell0/microros_ws/src/install/micro_ros_msgs/local/lib/python3.10/dist-packages/micro_ros_msgs/msg/__init__.py
[1.228s] -- Up-to-date: /home/hell0/microros_ws/src/install/micro_ros_msgs/local/lib/python3.10/dist-packages/micro_ros_msgs/msg/_entity.py
[1.229s] -- Up-to-date: /home/hell0/microros_ws/src/install/micro_ros_msgs/local/lib/python3.10/dist-packages/micro_ros_msgs/msg/_graph_s.c
[1.229s] -- Up-to-date: /home/hell0/microros_ws/src/install/micro_ros_msgs/local/lib/python3.10/dist-packages/micro_ros_msgs/msg/_entity_s.c
[1.229s] -- Up-to-date: /home/hell0/microros_ws/src/install/micro_ros_msgs/local/lib/python3.10/dist-packages/micro_ros_msgs/msg/_graph.py
[1.229s] -- Up-to-date: /home/hell0/microros_ws/src/install/micro_ros_msgs/local/lib/python3.10/dist-packages/micro_ros_msgs/msg/_node.py
[1.229s] -- Up-to-date: /home/hell0/microros_ws/src/install/micro_ros_msgs/local/lib/python3.10/dist-packages/micro_ros_msgs/msg/_node_s.c
[1.229s] -- Up-to-date: /home/hell0/microros_ws/src/install/micro_ros_msgs/local/lib/python3.10/dist-packages/micro_ros_msgs/__init__.py
[1.229s] -- Up-to-date: /home/hell0/microros_ws/src/install/micro_ros_msgs/local/lib/python3.10/dist-packages/micro_ros_msgs/_micro_ros_msgs_s.ep.rosidl_typesupport_fastrtps_c.c
[1.229s] -- Up-to-date: /home/hell0/microros_ws/src/install/micro_ros_msgs/local/lib/python3.10/dist-packages/micro_ros_msgs/_micro_ros_msgs_s.ep.rosidl_typesupport_c.c
[1.229s] -- Up-to-date: /home/hell0/microros_ws/src/install/micro_ros_msgs/local/lib/python3.10/dist-packages/micro_ros_msgs/micro_ros_msgs_s__rosidl_typesupport_c.cpython-310-x86_64-linux-gnu.so
[1.229s] -- Up-to-date: /home/hell0/microros_ws/src/install/micro_ros_msgs/local/lib/python3.10/dist-packages/micro_ros_msgs/micro_ros_msgs_s__rosidl_typesupport_fastrtps_c.cpython-310-x86_64-linux-gnu.so
[1.229s] -- Up-to-date: /home/hell0/microros_ws/src/install/micro_ros_msgs/local/lib/python3.10/dist-packages/micro_ros_msgs/_micro_ros_msgs_s.ep.rosidl_typesupport_introspection_c.c
[1.230s] -- Up-to-date: /home/hell0/microros_ws/src/install/micro_ros_msgs/local/lib/python3.10/dist-packages/micro_ros_msgs/libmicro_ros_msgs__rosidl_generator_py.so
[1.230s] -- Up-to-date: /home/hell0/microros_ws/src/install/micro_ros_msgs/local/lib/python3.10/dist-packages/micro_ros_msgs/micro_ros_msgs_s__rosidl_typesupport_introspection_c.cpython-310-x86_64-linux-gnu.so
[1.285s] Listing '/home/hell0/microros_ws/src/install/micro_ros_msgs/local/lib/python3.10/dist-packages/micro_ros_msgs'...
[1.285s] Listing '/home/hell0/microros_ws/src/install/micro_ros_msgs/local/lib/python3.10/dist-packages/micro_ros_msgs/msg'...
[1.289s] -- Up-to-date: /home/hell0/microros_ws/src/install/micro_ros_msgs/local/lib/python3.10/dist-packages/micro_ros_msgs/micro_ros_msgs_s__rosidl_typesupport_fastrtps_c.cpython-310-x86_64-linux-gnu.so
[1.299s] -- Up-to-date: /home/hell0/microros_ws/src/install/micro_ros_msgs/local/lib/python3.10/dist-packages/micro_ros_msgs/micro_ros_msgs_s__rosidl_typesupport_introspection_c.cpython-310-x86_64-linux-gnu.so
[1.299s] -- Up-to-date: /home/hell0/microros_ws/src/install/micro_ros_msgs/local/lib/python3.10/dist-packages/micro_ros_msgs/micro_ros_msgs_s__rosidl_typesupport_c.cpython-310-x86_64-linux-gnu.so
[1.299s] -- Up-to-date: /home/hell0/microros_ws/src/install/micro_ros_msgs/lib/libmicro_ros_msgs__rosidl_generator_py.so
[1.299s] -- Up-to-date: /home/hell0/microros_ws/src/install/micro_ros_msgs/share/micro_ros_msgs/msg/Graph.idl
[1.299s] -- Up-to-date: /home/hell0/microros_ws/src/install/micro_ros_msgs/share/micro_ros_msgs/msg/Node.idl
[1.299s] -- Up-to-date: /home/hell0/microros_ws/src/install/micro_ros_msgs/share/micro_ros_msgs/msg/Entity.idl
[1.299s] -- Up-to-date: /home/hell0/microros_ws/src/install/micro_ros_msgs/share/micro_ros_msgs/msg/Graph.msg
[1.300s] -- Up-to-date: /home/hell0/microros_ws/src/install/micro_ros_msgs/share/micro_ros_msgs/msg/Node.msg
[1.300s] -- Up-to-date: /home/hell0/microros_ws/src/install/micro_ros_msgs/share/micro_ros_msgs/msg/Entity.msg
[1.300s] -- Up-to-date: /home/hell0/microros_ws/src/install/micro_ros_msgs/share/ament_index/resource_index/package_run_dependencies/micro_ros_msgs
[1.300s] -- Up-to-date: /home/hell0/microros_ws/src/install/micro_ros_msgs/share/ament_index/resource_index/parent_prefix_path/micro_ros_msgs
[1.300s] -- Up-to-date: /home/hell0/microros_ws/src/install/micro_ros_msgs/share/micro_ros_msgs/environment/ament_prefix_path.sh
[1.300s] -- Up-to-date: /home/hell0/microros_ws/src/install/micro_ros_msgs/share/micro_ros_msgs/environment/ament_prefix_path.dsv
[1.300s] -- Up-to-date: /home/hell0/microros_ws/src/install/micro_ros_msgs/share/micro_ros_msgs/environment/path.sh
[1.300s] -- Up-to-date: /home/hell0/microros_ws/src/install/micro_ros_msgs/share/micro_ros_msgs/environment/path.dsv
[1.300s] -- Up-to-date: /home/hell0/microros_ws/src/install/micro_ros_msgs/share/micro_ros_msgs/local_setup.bash
[1.300s] -- Up-to-date: /home/hell0/microros_ws/src/install/micro_ros_msgs/share/micro_ros_msgs/local_setup.sh
[1.300s] -- Up-to-date: /home/hell0/microros_ws/src/install/micro_ros_msgs/share/micro_ros_msgs/local_setup.zsh
[1.300s] -- Up-to-date: /home/hell0/microros_ws/src/install/micro_ros_msgs/share/micro_ros_msgs/local_setup.dsv
[1.300s] -- Installing: /home/hell0/microros_ws/src/install/micro_ros_msgs/share/micro_ros_msgs/package.dsv
[1.301s] -- Up-to-date: /home/hell0/microros_ws/src/install/micro_ros_msgs/share/ament_index/resource_index/packages/micro_ros_msgs
[1.301s] -- Up-to-date: /home/hell0/microros_ws/src/install/micro_ros_msgs/share/micro_ros_msgs/cmake/export_micro_ros_msgs__rosidl_generator_cExport.cmake
[1.301s] -- Up-to-date: /home/hell0/microros_ws/src/install/micro_ros_msgs/share/micro_ros_msgs/cmake/export_micro_ros_msgs__rosidl_generator_cExport-noconfig.cmake
[1.301s] -- Up-to-date: /home/hell0/microros_ws/src/install/micro_ros_msgs/share/micro_ros_msgs/cmake/export_micro_ros_msgs__rosidl_typesupport_fastrtps_cExport.cmake
[1.301s] -- Up-to-date: /home/hell0/microros_ws/src/install/micro_ros_msgs/share/micro_ros_msgs/cmake/export_micro_ros_msgs__rosidl_typesupport_fastrtps_cExport-noconfig.cmake
[1.301s] -- Up-to-date: /home/hell0/microros_ws/src/install/micro_ros_msgs/share/micro_ros_msgs/cmake/micro_ros_msgs__rosidl_typesupport_introspection_cExport.cmake
[1.301s] -- Up-to-date: /home/hell0/microros_ws/src/install/micro_ros_msgs/share/micro_ros_msgs/cmake/micro_ros_msgs__rosidl_typesupport_introspection_cExport-noconfig.cmake
[1.302s] -- Up-to-date: /home/hell0/microros_ws/src/install/micro_ros_msgs/share/micro_ros_msgs/cmake/micro_ros_msgs__rosidl_typesupport_cExport.cmake
[1.302s] -- Up-to-date: /home/hell0/microros_ws/src/install/micro_ros_msgs/share/micro_ros_msgs/cmake/micro_ros_msgs__rosidl_typesupport_cExport-noconfig.cmake
[1.302s] -- Up-to-date: /home/hell0/microros_ws/src/install/micro_ros_msgs/share/micro_ros_msgs/cmake/export_micro_ros_msgs__rosidl_generator_cppExport.cmake
[1.303s] -- Up-to-date: /home/hell0/microros_ws/src/install/micro_ros_msgs/share/micro_ros_msgs/cmake/export_micro_ros_msgs__rosidl_typesupport_fastrtps_cppExport.cmake
[1.303s] -- Up-to-date: /home/hell0/microros_ws/src/install/micro_ros_msgs/share/micro_ros_msgs/cmake/export_micro_ros_msgs__rosidl_typesupport_fastrtps_cppExport-noconfig.cmake
[1.303s] -- Up-to-date: /home/hell0/microros_ws/src/install/micro_ros_msgs/share/micro_ros_msgs/cmake/micro_ros_msgs__rosidl_typesupport_introspection_cppExport.cmake
[1.303s] -- Up-to-date: /home/hell0/microros_ws/src/install/micro_ros_msgs/share/micro_ros_msgs/cmake/micro_ros_msgs__rosidl_typesupport_introspection_cppExport-noconfig.cmake
[1.303s] -- Up-to-date: /home/hell0/microros_ws/src/install/micro_ros_msgs/share/micro_ros_msgs/cmake/micro_ros_msgs__rosidl_typesupport_cppExport.cmake
[1.304s] -- Up-to-date: /home/hell0/microros_ws/src/install/micro_ros_msgs/share/micro_ros_msgs/cmake/micro_ros_msgs__rosidl_typesupport_cppExport-noconfig.cmake
[1.304s] -- Up-to-date: /home/hell0/microros_ws/src/install/micro_ros_msgs/share/micro_ros_msgs/cmake/export_micro_ros_msgs__rosidl_generator_pyExport.cmake
[1.305s] -- Up-to-date: /home/hell0/microros_ws/src/install/micro_ros_msgs/share/micro_ros_msgs/cmake/export_micro_ros_msgs__rosidl_generator_pyExport-noconfig.cmake
[1.305s] -- Up-to-date: /home/hell0/microros_ws/src/install/micro_ros_msgs/share/micro_ros_msgs/cmake/rosidl_cmake-extras.cmake
[1.305s] -- Up-to-date: /home/hell0/microros_ws/src/install/micro_ros_msgs/share/micro_ros_msgs/cmake/ament_cmake_export_include_directories-extras.cmake
[1.305s] -- Up-to-date: /home/hell0/microros_ws/src/install/micro_ros_msgs/share/micro_ros_msgs/cmake/ament_cmake_export_libraries-extras.cmake
[1.306s] -- Up-to-date: /home/hell0/microros_ws/src/install/micro_ros_msgs/share/micro_ros_msgs/cmake/ament_cmake_export_targets-extras.cmake
[1.306s] -- Up-to-date: /home/hell0/microros_ws/src/install/micro_ros_msgs/share/micro_ros_msgs/cmake/rosidl_cmake_export_typesupport_targets-extras.cmake
[1.306s] -- Up-to-date: /home/hell0/microros_ws/src/install/micro_ros_msgs/share/micro_ros_msgs/cmake/ament_cmake_export_dependencies-extras.cmake
[1.306s] -- Up-to-date: /home/hell0/microros_ws/src/install/micro_ros_msgs/share/micro_ros_msgs/cmake/rosidl_cmake_export_typesupport_libraries-extras.cmake
[1.306s] -- Up-to-date: /home/hell0/microros_ws/src/install/micro_ros_msgs/share/micro_ros_msgs/cmake/micro_ros_msgsConfig.cmake
[1.306s] -- Up-to-date: /home/hell0/microros_ws/src/install/micro_ros_msgs/share/micro_ros_msgs/cmake/micro_ros_msgsConfig-version.cmake
[1.306s] -- Up-to-date: /home/hell0/microros_ws/src/install/micro_ros_msgs/share/micro_ros_msgs/package.xml
[1.314s] Invoked command in '/home/hell0/microros_ws/src/build/micro_ros_msgs' returned '0': CMAKE_PREFIX_PATH=/opt/ros/humble /usr/bin/cmake --install /home/hell0/microros_ws/src/build/micro_ros_msgs
