[0.215s] DEBUG:colcon:Command line arguments: ['/usr/bin/colcon', 'build']
[0.215s] DEBUG:colcon:Parsed command line arguments: Namespace(log_base=None, log_level=None, verb_name='build', build_base='build', install_base='install', merge_install=False, symlink_install=False, test_result_base=None, continue_on_error=False, executor='parallel', parallel_workers=2, event_handlers=None, ignore_user_meta=False, metas=['./colcon.meta'], base_paths=['.'], packages_ignore=None, packages_ignore_regex=None, paths=None, packages_up_to=None, packages_up_to_regex=None, packages_above=None, packages_above_and_dependencies=None, packages_above_depth=None, packages_select_by_dep=None, packages_skip_by_dep=None, packages_skip_up_to=None, packages_select_build_failed=False, packages_skip_build_finished=False, packages_select_test_failures=False, packages_skip_test_passed=False, packages_select=None, packages_skip=None, packages_select_regex=None, packages_skip_regex=None, packages_start=None, packages_end=None, allow_overriding=[], cmake_args=None, cmake_target=None, cmake_target_skip_unavailable=False, cmake_clean_cache=False, cmake_clean_first=False, cmake_force_configure=False, ament_cmake_args=None, catkin_cmake_args=None, catkin_skip_building_tests=False, verb_parser=<colcon_defaults.argument_parser.defaults.DefaultArgumentsDecorator object at 0x7ac7c5fe3f10>, verb_extension=<colcon_core.verb.build.BuildVerb object at 0x7ac7c5fe3a00>, main=<bound method BuildVerb.main of <colcon_core.verb.build.BuildVerb object at 0x7ac7c5fe3a00>>)
[0.586s] Level 1:colcon.colcon_core.package_discovery:discover_packages(colcon_meta) check parameters
[0.587s] Level 1:colcon.colcon_core.package_discovery:discover_packages(recursive) check parameters
[0.587s] Level 1:colcon.colcon_core.package_discovery:discover_packages(ignore) check parameters
[0.587s] Level 1:colcon.colcon_core.package_discovery:discover_packages(path) check parameters
[0.587s] Level 1:colcon.colcon_core.package_discovery:discover_packages(colcon_meta) discover
[0.587s] Level 1:colcon.colcon_core.package_discovery:discover_packages(recursive) discover
[0.587s] INFO:colcon.colcon_core.package_discovery:Crawling recursively for packages in '/home/hell0/microros_ws/src'
[0.587s] Level 1:colcon.colcon_core.package_identification:_identify(.) by extensions ['ignore', 'ignore_ament_install']
[0.588s] Level 1:colcon.colcon_core.package_identification:_identify(.) by extension 'ignore'
[0.588s] Level 1:colcon.colcon_core.package_identification:_identify(.) by extension 'ignore_ament_install'
[0.588s] Level 1:colcon.colcon_core.package_identification:_identify(.) by extensions ['colcon_pkg']
[0.588s] Level 1:colcon.colcon_core.package_identification:_identify(.) by extension 'colcon_pkg'
[0.588s] Level 1:colcon.colcon_core.package_identification:_identify(.) by extensions ['colcon_meta']
[0.588s] Level 1:colcon.colcon_core.package_identification:_identify(.) by extension 'colcon_meta'
[0.588s] Level 1:colcon.colcon_core.package_identification:_identify(.) by extensions ['ros']
[0.588s] Level 1:colcon.colcon_core.package_identification:_identify(.) by extension 'ros'
[0.612s] Level 1:colcon.colcon_core.package_identification:_identify(.) by extensions ['cmake', 'python']
[0.612s] Level 1:colcon.colcon_core.package_identification:_identify(.) by extension 'cmake'
[0.612s] Level 1:colcon.colcon_core.package_identification:_identify(.) by extension 'python'
[0.612s] Level 1:colcon.colcon_core.package_identification:_identify(.) by extensions ['python_setup_py']
[0.612s] Level 1:colcon.colcon_core.package_identification:_identify(.) by extension 'python_setup_py'
[0.613s] Level 1:colcon.colcon_core.package_identification:_identify(build) by extensions ['ignore', 'ignore_ament_install']
[0.613s] Level 1:colcon.colcon_core.package_identification:_identify(build) by extension 'ignore'
[0.613s] Level 1:colcon.colcon_core.package_identification:_identify(build) ignored
[0.613s] Level 1:colcon.colcon_core.package_identification:_identify(install) by extensions ['ignore', 'ignore_ament_install']
[0.613s] Level 1:colcon.colcon_core.package_identification:_identify(install) by extension 'ignore'
[0.613s] Level 1:colcon.colcon_core.package_identification:_identify(install) ignored
[0.613s] Level 1:colcon.colcon_core.package_identification:_identify(log) by extensions ['ignore', 'ignore_ament_install']
[0.614s] Level 1:colcon.colcon_core.package_identification:_identify(log) by extension 'ignore'
[0.614s] Level 1:colcon.colcon_core.package_identification:_identify(log) ignored
[0.614s] Level 1:colcon.colcon_core.package_identification:_identify(micro-ROS-Agent) by extensions ['ignore', 'ignore_ament_install']
[0.614s] Level 1:colcon.colcon_core.package_identification:_identify(micro-ROS-Agent) by extension 'ignore'
[0.614s] Level 1:colcon.colcon_core.package_identification:_identify(micro-ROS-Agent) by extension 'ignore_ament_install'
[0.614s] Level 1:colcon.colcon_core.package_identification:_identify(micro-ROS-Agent) by extensions ['colcon_pkg']
[0.614s] Level 1:colcon.colcon_core.package_identification:_identify(micro-ROS-Agent) by extension 'colcon_pkg'
[0.614s] Level 1:colcon.colcon_core.package_identification:_identify(micro-ROS-Agent) by extensions ['colcon_meta']
[0.614s] Level 1:colcon.colcon_core.package_identification:_identify(micro-ROS-Agent) by extension 'colcon_meta'
[0.614s] Level 1:colcon.colcon_core.package_identification:_identify(micro-ROS-Agent) by extensions ['ros']
[0.614s] Level 1:colcon.colcon_core.package_identification:_identify(micro-ROS-Agent) by extension 'ros'
[0.615s] Level 1:colcon.colcon_core.package_identification:_identify(micro-ROS-Agent) by extensions ['cmake', 'python']
[0.615s] Level 1:colcon.colcon_core.package_identification:_identify(micro-ROS-Agent) by extension 'cmake'
[0.615s] Level 1:colcon.colcon_core.package_identification:_identify(micro-ROS-Agent) by extension 'python'
[0.615s] Level 1:colcon.colcon_core.package_identification:_identify(micro-ROS-Agent) by extensions ['python_setup_py']
[0.615s] Level 1:colcon.colcon_core.package_identification:_identify(micro-ROS-Agent) by extension 'python_setup_py'
[0.615s] Level 1:colcon.colcon_core.package_identification:_identify(micro-ROS-Agent/micro_ros_agent) by extensions ['ignore', 'ignore_ament_install']
[0.615s] Level 1:colcon.colcon_core.package_identification:_identify(micro-ROS-Agent/micro_ros_agent) by extension 'ignore'
[0.615s] Level 1:colcon.colcon_core.package_identification:_identify(micro-ROS-Agent/micro_ros_agent) by extension 'ignore_ament_install'
[0.615s] Level 1:colcon.colcon_core.package_identification:_identify(micro-ROS-Agent/micro_ros_agent) by extensions ['colcon_pkg']
[0.615s] Level 1:colcon.colcon_core.package_identification:_identify(micro-ROS-Agent/micro_ros_agent) by extension 'colcon_pkg'
[0.616s] Level 1:colcon.colcon_core.package_identification:_identify(micro-ROS-Agent/micro_ros_agent) by extensions ['colcon_meta']
[0.616s] Level 1:colcon.colcon_core.package_identification:_identify(micro-ROS-Agent/micro_ros_agent) by extension 'colcon_meta'
[0.616s] Level 1:colcon.colcon_core.package_identification:_identify(micro-ROS-Agent/micro_ros_agent) by extensions ['ros']
[0.616s] Level 1:colcon.colcon_core.package_identification:_identify(micro-ROS-Agent/micro_ros_agent) by extension 'ros'
[0.624s] DEBUG:colcon.colcon_core.package_identification:Package 'micro-ROS-Agent/micro_ros_agent' with type 'ros.ament_cmake' and name 'micro_ros_agent'
[0.624s] Level 1:colcon.colcon_core.package_identification:_identify(micro-ROS-Agent/snap) by extensions ['ignore', 'ignore_ament_install']
[0.624s] Level 1:colcon.colcon_core.package_identification:_identify(micro-ROS-Agent/snap) by extension 'ignore'
[0.624s] Level 1:colcon.colcon_core.package_identification:_identify(micro-ROS-Agent/snap) by extension 'ignore_ament_install'
[0.624s] Level 1:colcon.colcon_core.package_identification:_identify(micro-ROS-Agent/snap) by extensions ['colcon_pkg']
[0.625s] Level 1:colcon.colcon_core.package_identification:_identify(micro-ROS-Agent/snap) by extension 'colcon_pkg'
[0.625s] Level 1:colcon.colcon_core.package_identification:_identify(micro-ROS-Agent/snap) by extensions ['colcon_meta']
[0.625s] Level 1:colcon.colcon_core.package_identification:_identify(micro-ROS-Agent/snap) by extension 'colcon_meta'
[0.625s] Level 1:colcon.colcon_core.package_identification:_identify(micro-ROS-Agent/snap) by extensions ['ros']
[0.625s] Level 1:colcon.colcon_core.package_identification:_identify(micro-ROS-Agent/snap) by extension 'ros'
[0.625s] Level 1:colcon.colcon_core.package_identification:_identify(micro-ROS-Agent/snap) by extensions ['cmake', 'python']
[0.625s] Level 1:colcon.colcon_core.package_identification:_identify(micro-ROS-Agent/snap) by extension 'cmake'
[0.625s] Level 1:colcon.colcon_core.package_identification:_identify(micro-ROS-Agent/snap) by extension 'python'
[0.625s] Level 1:colcon.colcon_core.package_identification:_identify(micro-ROS-Agent/snap) by extensions ['python_setup_py']
[0.625s] Level 1:colcon.colcon_core.package_identification:_identify(micro-ROS-Agent/snap) by extension 'python_setup_py'
[0.626s] Level 1:colcon.colcon_core.package_identification:_identify(micro-ROS-Agent/snap/hooks) by extensions ['ignore', 'ignore_ament_install']
[0.626s] Level 1:colcon.colcon_core.package_identification:_identify(micro-ROS-Agent/snap/hooks) by extension 'ignore'
[0.626s] Level 1:colcon.colcon_core.package_identification:_identify(micro-ROS-Agent/snap/hooks) by extension 'ignore_ament_install'
[0.626s] Level 1:colcon.colcon_core.package_identification:_identify(micro-ROS-Agent/snap/hooks) by extensions ['colcon_pkg']
[0.626s] Level 1:colcon.colcon_core.package_identification:_identify(micro-ROS-Agent/snap/hooks) by extension 'colcon_pkg'
[0.626s] Level 1:colcon.colcon_core.package_identification:_identify(micro-ROS-Agent/snap/hooks) by extensions ['colcon_meta']
[0.626s] Level 1:colcon.colcon_core.package_identification:_identify(micro-ROS-Agent/snap/hooks) by extension 'colcon_meta'
[0.626s] Level 1:colcon.colcon_core.package_identification:_identify(micro-ROS-Agent/snap/hooks) by extensions ['ros']
[0.626s] Level 1:colcon.colcon_core.package_identification:_identify(micro-ROS-Agent/snap/hooks) by extension 'ros'
[0.626s] Level 1:colcon.colcon_core.package_identification:_identify(micro-ROS-Agent/snap/hooks) by extensions ['cmake', 'python']
[0.627s] Level 1:colcon.colcon_core.package_identification:_identify(micro-ROS-Agent/snap/hooks) by extension 'cmake'
[0.627s] Level 1:colcon.colcon_core.package_identification:_identify(micro-ROS-Agent/snap/hooks) by extension 'python'
[0.627s] Level 1:colcon.colcon_core.package_identification:_identify(micro-ROS-Agent/snap/hooks) by extensions ['python_setup_py']
[0.627s] Level 1:colcon.colcon_core.package_identification:_identify(micro-ROS-Agent/snap/hooks) by extension 'python_setup_py'
[0.627s] Level 1:colcon.colcon_core.package_identification:_identify(micro-ROS-Agent/snap/local) by extensions ['ignore', 'ignore_ament_install']
[0.627s] Level 1:colcon.colcon_core.package_identification:_identify(micro-ROS-Agent/snap/local) by extension 'ignore'
[0.627s] Level 1:colcon.colcon_core.package_identification:_identify(micro-ROS-Agent/snap/local) by extension 'ignore_ament_install'
[0.627s] Level 1:colcon.colcon_core.package_identification:_identify(micro-ROS-Agent/snap/local) by extensions ['colcon_pkg']
[0.627s] Level 1:colcon.colcon_core.package_identification:_identify(micro-ROS-Agent/snap/local) by extension 'colcon_pkg'
[0.627s] Level 1:colcon.colcon_core.package_identification:_identify(micro-ROS-Agent/snap/local) by extensions ['colcon_meta']
[0.627s] Level 1:colcon.colcon_core.package_identification:_identify(micro-ROS-Agent/snap/local) by extension 'colcon_meta'
[0.628s] Level 1:colcon.colcon_core.package_identification:_identify(micro-ROS-Agent/snap/local) by extensions ['ros']
[0.628s] Level 1:colcon.colcon_core.package_identification:_identify(micro-ROS-Agent/snap/local) by extension 'ros'
[0.628s] Level 1:colcon.colcon_core.package_identification:_identify(micro-ROS-Agent/snap/local) by extensions ['cmake', 'python']
[0.628s] Level 1:colcon.colcon_core.package_identification:_identify(micro-ROS-Agent/snap/local) by extension 'cmake'
[0.628s] Level 1:colcon.colcon_core.package_identification:_identify(micro-ROS-Agent/snap/local) by extension 'python'
[0.628s] Level 1:colcon.colcon_core.package_identification:_identify(micro-ROS-Agent/snap/local) by extensions ['python_setup_py']
[0.628s] Level 1:colcon.colcon_core.package_identification:_identify(micro-ROS-Agent/snap/local) by extension 'python_setup_py'
[0.628s] Level 1:colcon.colcon_core.package_identification:_identify(micro_ros_msgs) by extensions ['ignore', 'ignore_ament_install']
[0.628s] Level 1:colcon.colcon_core.package_identification:_identify(micro_ros_msgs) by extension 'ignore'
[0.628s] Level 1:colcon.colcon_core.package_identification:_identify(micro_ros_msgs) by extension 'ignore_ament_install'
[0.629s] Level 1:colcon.colcon_core.package_identification:_identify(micro_ros_msgs) by extensions ['colcon_pkg']
[0.629s] Level 1:colcon.colcon_core.package_identification:_identify(micro_ros_msgs) by extension 'colcon_pkg'
[0.629s] Level 1:colcon.colcon_core.package_identification:_identify(micro_ros_msgs) by extensions ['colcon_meta']
[0.629s] Level 1:colcon.colcon_core.package_identification:_identify(micro_ros_msgs) by extension 'colcon_meta'
[0.629s] Level 1:colcon.colcon_core.package_identification:_identify(micro_ros_msgs) by extensions ['ros']
[0.629s] Level 1:colcon.colcon_core.package_identification:_identify(micro_ros_msgs) by extension 'ros'
[0.630s] DEBUG:colcon.colcon_core.package_identification:Package 'micro_ros_msgs' with type 'ros.ament_cmake' and name 'micro_ros_msgs'
[0.630s] Level 1:colcon.colcon_core.package_discovery:discover_packages(recursive) using defaults
[0.630s] Level 1:colcon.colcon_core.package_discovery:discover_packages(ignore) discover
[0.630s] Level 1:colcon.colcon_core.package_discovery:discover_packages(ignore) using defaults
[0.630s] Level 1:colcon.colcon_core.package_discovery:discover_packages(path) discover
[0.630s] Level 1:colcon.colcon_core.package_discovery:discover_packages(path) using defaults
[0.670s] Level 1:colcon.colcon_core.package_discovery:discover_packages(prefix_path) check parameters
[0.670s] Level 1:colcon.colcon_core.package_discovery:discover_packages(prefix_path) discover
[0.674s] DEBUG:colcon.colcon_installed_package_information.package_discovery:Found 325 installed packages in /opt/ros/humble
[0.679s] Level 1:colcon.colcon_core.package_discovery:discover_packages(prefix_path) using defaults
[0.774s] Level 5:colcon.colcon_core.verb:set package 'micro_ros_msgs' build argument 'cmake_args' from command line to 'None'
[0.774s] Level 5:colcon.colcon_core.verb:set package 'micro_ros_msgs' build argument 'cmake_target' from command line to 'None'
[0.774s] Level 5:colcon.colcon_core.verb:set package 'micro_ros_msgs' build argument 'cmake_target_skip_unavailable' from command line to 'False'
[0.774s] Level 5:colcon.colcon_core.verb:set package 'micro_ros_msgs' build argument 'cmake_clean_cache' from command line to 'False'
[0.774s] Level 5:colcon.colcon_core.verb:set package 'micro_ros_msgs' build argument 'cmake_clean_first' from command line to 'False'
[0.774s] Level 5:colcon.colcon_core.verb:set package 'micro_ros_msgs' build argument 'cmake_force_configure' from command line to 'False'
[0.774s] Level 5:colcon.colcon_core.verb:set package 'micro_ros_msgs' build argument 'ament_cmake_args' from command line to 'None'
[0.774s] Level 5:colcon.colcon_core.verb:set package 'micro_ros_msgs' build argument 'catkin_cmake_args' from command line to 'None'
[0.774s] Level 5:colcon.colcon_core.verb:set package 'micro_ros_msgs' build argument 'catkin_skip_building_tests' from command line to 'False'
[0.775s] DEBUG:colcon.colcon_core.verb:Building package 'micro_ros_msgs' with the following arguments: {'ament_cmake_args': None, 'build_base': '/home/hell0/microros_ws/src/build/micro_ros_msgs', 'catkin_cmake_args': None, 'catkin_skip_building_tests': False, 'cmake_args': None, 'cmake_clean_cache': False, 'cmake_clean_first': False, 'cmake_force_configure': False, 'cmake_target': None, 'cmake_target_skip_unavailable': False, 'install_base': '/home/hell0/microros_ws/src/install/micro_ros_msgs', 'merge_install': False, 'path': '/home/hell0/microros_ws/src/micro_ros_msgs', 'symlink_install': False, 'test_result_base': None}
[0.775s] Level 5:colcon.colcon_core.verb:set package 'micro_ros_agent' build argument 'cmake_args' from command line to 'None'
[0.775s] Level 5:colcon.colcon_core.verb:set package 'micro_ros_agent' build argument 'cmake_target' from command line to 'None'
[0.775s] Level 5:colcon.colcon_core.verb:set package 'micro_ros_agent' build argument 'cmake_target_skip_unavailable' from command line to 'False'
[0.775s] Level 5:colcon.colcon_core.verb:set package 'micro_ros_agent' build argument 'cmake_clean_cache' from command line to 'False'
[0.775s] Level 5:colcon.colcon_core.verb:set package 'micro_ros_agent' build argument 'cmake_clean_first' from command line to 'False'
[0.775s] Level 5:colcon.colcon_core.verb:set package 'micro_ros_agent' build argument 'cmake_force_configure' from command line to 'False'
[0.776s] Level 5:colcon.colcon_core.verb:set package 'micro_ros_agent' build argument 'ament_cmake_args' from command line to 'None'
[0.776s] Level 5:colcon.colcon_core.verb:set package 'micro_ros_agent' build argument 'catkin_cmake_args' from command line to 'None'
[0.776s] Level 5:colcon.colcon_core.verb:set package 'micro_ros_agent' build argument 'catkin_skip_building_tests' from command line to 'False'
[0.776s] DEBUG:colcon.colcon_core.verb:Building package 'micro_ros_agent' with the following arguments: {'ament_cmake_args': None, 'build_base': '/home/hell0/microros_ws/src/build/micro_ros_agent', 'catkin_cmake_args': None, 'catkin_skip_building_tests': False, 'cmake_args': None, 'cmake_clean_cache': False, 'cmake_clean_first': False, 'cmake_force_configure': False, 'cmake_target': None, 'cmake_target_skip_unavailable': False, 'install_base': '/home/hell0/microros_ws/src/install/micro_ros_agent', 'merge_install': False, 'path': '/home/hell0/microros_ws/src/micro-ROS-Agent/micro_ros_agent', 'symlink_install': False, 'test_result_base': None}
[0.776s] INFO:colcon.colcon_core.executor:Executing jobs using 'parallel' executor
[0.778s] DEBUG:colcon.colcon_parallel_executor.executor.parallel:run_until_complete
[0.778s] INFO:colcon.colcon_ros.task.ament_cmake.build:Building ROS package in '/home/hell0/microros_ws/src/micro_ros_msgs' with build type 'ament_cmake'
[0.778s] INFO:colcon.colcon_cmake.task.cmake.build:Building CMake package in '/home/hell0/microros_ws/src/micro_ros_msgs'
[0.781s] INFO:colcon.colcon_core.plugin_system:Skipping extension 'colcon_core.shell.bat': Not used on non-Windows systems
[0.782s] INFO:colcon.colcon_core.shell:Skip shell extension 'powershell' for command environment: Not usable outside of PowerShell
[0.782s] DEBUG:colcon.colcon_core.shell:Skip shell extension 'dsv' for command environment
[0.797s] DEBUG:colcon.colcon_core.event_handler.log_command:Invoking command in '/home/hell0/microros_ws/src/build/micro_ros_msgs': CMAKE_PREFIX_PATH=/opt/ros/humble /usr/bin/cmake --build /home/hell0/microros_ws/src/build/micro_ros_msgs -- -j2 -l2
[1.613s] DEBUG:colcon.colcon_core.event_handler.log_command:Invoked command in '/home/hell0/microros_ws/src/build/micro_ros_msgs' returned '0': CMAKE_PREFIX_PATH=/opt/ros/humble /usr/bin/cmake --build /home/hell0/microros_ws/src/build/micro_ros_msgs -- -j2 -l2
[1.968s] DEBUG:colcon.colcon_core.event_handler.log_command:Invoking command in '/home/hell0/microros_ws/src/build/micro_ros_msgs': CMAKE_PREFIX_PATH=/opt/ros/humble /usr/bin/cmake --install /home/hell0/microros_ws/src/build/micro_ros_msgs
[2.095s] Level 1:colcon.colcon_core.environment:create_environment_scripts_only(micro_ros_msgs)
[2.099s] Level 1:colcon.colcon_core.environment:checking '/home/hell0/microros_ws/src/install/micro_ros_msgs' for CMake module files
[2.100s] Level 1:colcon.colcon_core.environment:checking '/home/hell0/microros_ws/src/install/micro_ros_msgs' for CMake config files
[2.100s] Level 1:colcon.colcon_core.shell:create_environment_hook('micro_ros_msgs', 'cmake_prefix_path')
[2.101s] INFO:colcon.colcon_core.shell:Creating environment hook '/home/hell0/microros_ws/src/install/micro_ros_msgs/share/micro_ros_msgs/hook/cmake_prefix_path.ps1'
[2.102s] DEBUG:colcon.colcon_core.event_handler.log_command:Invoked command in '/home/hell0/microros_ws/src/build/micro_ros_msgs' returned '0': CMAKE_PREFIX_PATH=/opt/ros/humble /usr/bin/cmake --install /home/hell0/microros_ws/src/build/micro_ros_msgs
[2.103s] INFO:colcon.colcon_core.shell:Creating environment descriptor '/home/hell0/microros_ws/src/install/micro_ros_msgs/share/micro_ros_msgs/hook/cmake_prefix_path.dsv'
[2.104s] INFO:colcon.colcon_core.shell:Creating environment hook '/home/hell0/microros_ws/src/install/micro_ros_msgs/share/micro_ros_msgs/hook/cmake_prefix_path.sh'
[2.105s] Level 1:colcon.colcon_core.environment:checking '/home/hell0/microros_ws/src/install/micro_ros_msgs/lib'
[2.105s] Level 1:colcon.colcon_core.shell:create_environment_hook('micro_ros_msgs', 'ld_library_path_lib')
[2.106s] INFO:colcon.colcon_core.shell:Creating environment hook '/home/hell0/microros_ws/src/install/micro_ros_msgs/share/micro_ros_msgs/hook/ld_library_path_lib.ps1'
[2.106s] INFO:colcon.colcon_core.shell:Creating environment descriptor '/home/hell0/microros_ws/src/install/micro_ros_msgs/share/micro_ros_msgs/hook/ld_library_path_lib.dsv'
[2.107s] INFO:colcon.colcon_core.shell:Creating environment hook '/home/hell0/microros_ws/src/install/micro_ros_msgs/share/micro_ros_msgs/hook/ld_library_path_lib.sh'
[2.109s] Level 1:colcon.colcon_core.environment:checking '/home/hell0/microros_ws/src/install/micro_ros_msgs/bin'
[2.109s] Level 1:colcon.colcon_core.environment:checking '/home/hell0/microros_ws/src/install/micro_ros_msgs/lib/pkgconfig/micro_ros_msgs.pc'
[2.110s] Level 1:colcon.colcon_core.environment:checking '/home/hell0/microros_ws/src/install/micro_ros_msgs/lib/python3.10/site-packages'
[2.110s] Level 1:colcon.colcon_core.environment:checking '/home/hell0/microros_ws/src/install/micro_ros_msgs/bin'
[2.110s] INFO:colcon.colcon_core.shell:Creating package script '/home/hell0/microros_ws/src/install/micro_ros_msgs/share/micro_ros_msgs/package.ps1'
[2.112s] INFO:colcon.colcon_core.shell:Creating package descriptor '/home/hell0/microros_ws/src/install/micro_ros_msgs/share/micro_ros_msgs/package.dsv'
[2.114s] INFO:colcon.colcon_core.shell:Creating package script '/home/hell0/microros_ws/src/install/micro_ros_msgs/share/micro_ros_msgs/package.sh'
[2.115s] INFO:colcon.colcon_core.shell:Creating package script '/home/hell0/microros_ws/src/install/micro_ros_msgs/share/micro_ros_msgs/package.bash'
[2.117s] INFO:colcon.colcon_core.shell:Creating package script '/home/hell0/microros_ws/src/install/micro_ros_msgs/share/micro_ros_msgs/package.zsh'
[2.119s] Level 1:colcon.colcon_core.environment:create_file_with_runtime_dependencies(/home/hell0/microros_ws/src/install/micro_ros_msgs/share/colcon-core/packages/micro_ros_msgs)
[2.444s] Level 1:colcon.colcon_core.environment:create_environment_scripts_only(micro_ros_msgs)
[2.445s] Level 1:colcon.colcon_core.environment:checking '/home/hell0/microros_ws/src/install/micro_ros_msgs' for CMake module files
[2.446s] Level 1:colcon.colcon_core.environment:checking '/home/hell0/microros_ws/src/install/micro_ros_msgs' for CMake config files
[2.447s] Level 1:colcon.colcon_core.shell:create_environment_hook('micro_ros_msgs', 'cmake_prefix_path')
[2.447s] INFO:colcon.colcon_core.shell:Creating environment hook '/home/hell0/microros_ws/src/install/micro_ros_msgs/share/micro_ros_msgs/hook/cmake_prefix_path.ps1'
[2.448s] INFO:colcon.colcon_core.shell:Creating environment descriptor '/home/hell0/microros_ws/src/install/micro_ros_msgs/share/micro_ros_msgs/hook/cmake_prefix_path.dsv'
[2.449s] INFO:colcon.colcon_core.shell:Creating environment hook '/home/hell0/microros_ws/src/install/micro_ros_msgs/share/micro_ros_msgs/hook/cmake_prefix_path.sh'
[2.451s] Level 1:colcon.colcon_core.environment:checking '/home/hell0/microros_ws/src/install/micro_ros_msgs/lib'
[2.451s] Level 1:colcon.colcon_core.shell:create_environment_hook('micro_ros_msgs', 'ld_library_path_lib')
[2.451s] INFO:colcon.colcon_core.shell:Creating environment hook '/home/hell0/microros_ws/src/install/micro_ros_msgs/share/micro_ros_msgs/hook/ld_library_path_lib.ps1'
[2.452s] INFO:colcon.colcon_core.shell:Creating environment descriptor '/home/hell0/microros_ws/src/install/micro_ros_msgs/share/micro_ros_msgs/hook/ld_library_path_lib.dsv'
[2.453s] INFO:colcon.colcon_core.shell:Creating environment hook '/home/hell0/microros_ws/src/install/micro_ros_msgs/share/micro_ros_msgs/hook/ld_library_path_lib.sh'
[2.454s] Level 1:colcon.colcon_core.environment:checking '/home/hell0/microros_ws/src/install/micro_ros_msgs/bin'
[2.454s] Level 1:colcon.colcon_core.environment:checking '/home/hell0/microros_ws/src/install/micro_ros_msgs/lib/pkgconfig/micro_ros_msgs.pc'
[2.454s] Level 1:colcon.colcon_core.environment:checking '/home/hell0/microros_ws/src/install/micro_ros_msgs/lib/python3.10/site-packages'
[2.455s] Level 1:colcon.colcon_core.environment:checking '/home/hell0/microros_ws/src/install/micro_ros_msgs/bin'
[2.455s] INFO:colcon.colcon_core.shell:Creating package script '/home/hell0/microros_ws/src/install/micro_ros_msgs/share/micro_ros_msgs/package.ps1'
[2.456s] INFO:colcon.colcon_core.shell:Creating package descriptor '/home/hell0/microros_ws/src/install/micro_ros_msgs/share/micro_ros_msgs/package.dsv'
[2.457s] INFO:colcon.colcon_core.shell:Creating package script '/home/hell0/microros_ws/src/install/micro_ros_msgs/share/micro_ros_msgs/package.sh'
[2.458s] INFO:colcon.colcon_core.shell:Creating package script '/home/hell0/microros_ws/src/install/micro_ros_msgs/share/micro_ros_msgs/package.bash'
[2.459s] INFO:colcon.colcon_core.shell:Creating package script '/home/hell0/microros_ws/src/install/micro_ros_msgs/share/micro_ros_msgs/package.zsh'
[2.460s] Level 1:colcon.colcon_core.environment:create_file_with_runtime_dependencies(/home/hell0/microros_ws/src/install/micro_ros_msgs/share/colcon-core/packages/micro_ros_msgs)
[2.462s] INFO:colcon.colcon_ros.task.ament_cmake.build:Building ROS package in '/home/hell0/microros_ws/src/micro-ROS-Agent/micro_ros_agent' with build type 'ament_cmake'
[2.462s] INFO:colcon.colcon_cmake.task.cmake.build:Building CMake package in '/home/hell0/microros_ws/src/micro-ROS-Agent/micro_ros_agent'
[2.462s] INFO:colcon.colcon_core.shell:Skip shell extension 'powershell' for command environment: Not usable outside of PowerShell
[2.463s] DEBUG:colcon.colcon_core.shell:Skip shell extension 'dsv' for command environment
[2.492s] DEBUG:colcon.colcon_core.event_handler.log_command:Invoking command in '/home/hell0/microros_ws/src/build/micro_ros_agent': AMENT_PREFIX_PATH=/home/hell0/microros_ws/src/install/micro_ros_msgs:${AMENT_PREFIX_PATH} CMAKE_PREFIX_PATH=/home/hell0/microros_ws/src/install/micro_ros_msgs:/opt/ros/humble LD_LIBRARY_PATH=/home/hell0/microros_ws/src/install/micro_ros_msgs/lib:${LD_LIBRARY_PATH} PYTHONPATH=/home/hell0/microros_ws/src/install/micro_ros_msgs/local/lib/python3.10/dist-packages:${PYTHONPATH} /usr/bin/cmake --build /home/hell0/microros_ws/src/build/micro_ros_agent -- -j2 -l2
[241.527s] DEBUG:colcon.colcon_core.event_handler.log_command:Invoked command in '/home/hell0/microros_ws/src/build/micro_ros_agent' returned '0': AMENT_PREFIX_PATH=/home/hell0/microros_ws/src/install/micro_ros_msgs:${AMENT_PREFIX_PATH} CMAKE_PREFIX_PATH=/home/hell0/microros_ws/src/install/micro_ros_msgs:/opt/ros/humble LD_LIBRARY_PATH=/home/hell0/microros_ws/src/install/micro_ros_msgs/lib:${LD_LIBRARY_PATH} PYTHONPATH=/home/hell0/microros_ws/src/install/micro_ros_msgs/local/lib/python3.10/dist-packages:${PYTHONPATH} /usr/bin/cmake --build /home/hell0/microros_ws/src/build/micro_ros_agent -- -j2 -l2
[241.618s] DEBUG:colcon.colcon_core.event_handler.log_command:Invoking command in '/home/hell0/microros_ws/src/build/micro_ros_agent': AMENT_PREFIX_PATH=/home/hell0/microros_ws/src/install/micro_ros_msgs:${AMENT_PREFIX_PATH} CMAKE_PREFIX_PATH=/home/hell0/microros_ws/src/install/micro_ros_msgs:/opt/ros/humble LD_LIBRARY_PATH=/home/hell0/microros_ws/src/install/micro_ros_msgs/lib:${LD_LIBRARY_PATH} PYTHONPATH=/home/hell0/microros_ws/src/install/micro_ros_msgs/local/lib/python3.10/dist-packages:${PYTHONPATH} /usr/bin/cmake --install /home/hell0/microros_ws/src/build/micro_ros_agent
[241.643s] Level 1:colcon.colcon_core.environment:create_environment_scripts_only(micro_ros_agent)
[241.643s] Level 1:colcon.colcon_core.environment:checking '/home/hell0/microros_ws/src/install/micro_ros_agent' for CMake module files
[241.644s] Level 1:colcon.colcon_core.environment:checking '/home/hell0/microros_ws/src/install/micro_ros_agent' for CMake config files
[241.644s] Level 1:colcon.colcon_core.shell:create_environment_hook('micro_ros_agent', 'cmake_prefix_path')
[241.645s] INFO:colcon.colcon_core.shell:Creating environment hook '/home/hell0/microros_ws/src/install/micro_ros_agent/share/micro_ros_agent/hook/cmake_prefix_path.ps1'
[241.645s] INFO:colcon.colcon_core.shell:Creating environment descriptor '/home/hell0/microros_ws/src/install/micro_ros_agent/share/micro_ros_agent/hook/cmake_prefix_path.dsv'
[241.646s] INFO:colcon.colcon_core.shell:Creating environment hook '/home/hell0/microros_ws/src/install/micro_ros_agent/share/micro_ros_agent/hook/cmake_prefix_path.sh'
[241.647s] Level 1:colcon.colcon_core.environment:checking '/home/hell0/microros_ws/src/install/micro_ros_agent/lib'
[241.647s] Level 1:colcon.colcon_core.shell:create_environment_hook('micro_ros_agent', 'ld_library_path_lib')
[241.647s] INFO:colcon.colcon_core.shell:Creating environment hook '/home/hell0/microros_ws/src/install/micro_ros_agent/share/micro_ros_agent/hook/ld_library_path_lib.ps1'
[241.648s] INFO:colcon.colcon_core.shell:Creating environment descriptor '/home/hell0/microros_ws/src/install/micro_ros_agent/share/micro_ros_agent/hook/ld_library_path_lib.dsv'
[241.648s] INFO:colcon.colcon_core.shell:Creating environment hook '/home/hell0/microros_ws/src/install/micro_ros_agent/share/micro_ros_agent/hook/ld_library_path_lib.sh'
[241.649s] Level 1:colcon.colcon_core.environment:checking '/home/hell0/microros_ws/src/install/micro_ros_agent/bin'
[241.649s] Level 1:colcon.colcon_core.environment:checking '/home/hell0/microros_ws/src/install/micro_ros_agent/lib/pkgconfig/micro_ros_agent.pc'
[241.650s] Level 1:colcon.colcon_core.environment:checking '/home/hell0/microros_ws/src/install/micro_ros_agent/lib/python3.10/site-packages'
[241.650s] Level 1:colcon.colcon_core.environment:checking '/home/hell0/microros_ws/src/install/micro_ros_agent/bin'
[241.651s] INFO:colcon.colcon_core.shell:Creating package script '/home/hell0/microros_ws/src/install/micro_ros_agent/share/micro_ros_agent/package.ps1'
[241.652s] DEBUG:colcon.colcon_core.event_handler.log_command:Invoked command in '/home/hell0/microros_ws/src/build/micro_ros_agent' returned '0': AMENT_PREFIX_PATH=/home/hell0/microros_ws/src/install/micro_ros_msgs:${AMENT_PREFIX_PATH} CMAKE_PREFIX_PATH=/home/hell0/microros_ws/src/install/micro_ros_msgs:/opt/ros/humble LD_LIBRARY_PATH=/home/hell0/microros_ws/src/install/micro_ros_msgs/lib:${LD_LIBRARY_PATH} PYTHONPATH=/home/hell0/microros_ws/src/install/micro_ros_msgs/local/lib/python3.10/dist-packages:${PYTHONPATH} /usr/bin/cmake --install /home/hell0/microros_ws/src/build/micro_ros_agent
[241.652s] INFO:colcon.colcon_core.shell:Creating package descriptor '/home/hell0/microros_ws/src/install/micro_ros_agent/share/micro_ros_agent/package.dsv'
[241.653s] INFO:colcon.colcon_core.shell:Creating package script '/home/hell0/microros_ws/src/install/micro_ros_agent/share/micro_ros_agent/package.sh'
[241.655s] INFO:colcon.colcon_core.shell:Creating package script '/home/hell0/microros_ws/src/install/micro_ros_agent/share/micro_ros_agent/package.bash'
[241.656s] INFO:colcon.colcon_core.shell:Creating package script '/home/hell0/microros_ws/src/install/micro_ros_agent/share/micro_ros_agent/package.zsh'
[241.658s] Level 1:colcon.colcon_core.environment:create_file_with_runtime_dependencies(/home/hell0/microros_ws/src/install/micro_ros_agent/share/colcon-core/packages/micro_ros_agent)
[241.745s] Level 1:colcon.colcon_core.environment:create_environment_scripts_only(micro_ros_agent)
[241.748s] Level 1:colcon.colcon_core.environment:checking '/home/hell0/microros_ws/src/install/micro_ros_agent' for CMake module files
[241.749s] Level 1:colcon.colcon_core.environment:checking '/home/hell0/microros_ws/src/install/micro_ros_agent' for CMake config files
[241.749s] Level 1:colcon.colcon_core.shell:create_environment_hook('micro_ros_agent', 'cmake_prefix_path')
[241.749s] INFO:colcon.colcon_core.shell:Creating environment hook '/home/hell0/microros_ws/src/install/micro_ros_agent/share/micro_ros_agent/hook/cmake_prefix_path.ps1'
[241.751s] INFO:colcon.colcon_core.shell:Creating environment descriptor '/home/hell0/microros_ws/src/install/micro_ros_agent/share/micro_ros_agent/hook/cmake_prefix_path.dsv'
[241.752s] INFO:colcon.colcon_core.shell:Creating environment hook '/home/hell0/microros_ws/src/install/micro_ros_agent/share/micro_ros_agent/hook/cmake_prefix_path.sh'
[241.753s] Level 1:colcon.colcon_core.environment:checking '/home/hell0/microros_ws/src/install/micro_ros_agent/lib'
[241.753s] Level 1:colcon.colcon_core.shell:create_environment_hook('micro_ros_agent', 'ld_library_path_lib')
[241.754s] INFO:colcon.colcon_core.shell:Creating environment hook '/home/hell0/microros_ws/src/install/micro_ros_agent/share/micro_ros_agent/hook/ld_library_path_lib.ps1'
[241.755s] INFO:colcon.colcon_core.shell:Creating environment descriptor '/home/hell0/microros_ws/src/install/micro_ros_agent/share/micro_ros_agent/hook/ld_library_path_lib.dsv'
[241.757s] INFO:colcon.colcon_core.shell:Creating environment hook '/home/hell0/microros_ws/src/install/micro_ros_agent/share/micro_ros_agent/hook/ld_library_path_lib.sh'
[241.759s] Level 1:colcon.colcon_core.environment:checking '/home/hell0/microros_ws/src/install/micro_ros_agent/bin'
[241.760s] Level 1:colcon.colcon_core.environment:checking '/home/hell0/microros_ws/src/install/micro_ros_agent/lib/pkgconfig/micro_ros_agent.pc'
[241.760s] Level 1:colcon.colcon_core.environment:checking '/home/hell0/microros_ws/src/install/micro_ros_agent/lib/python3.10/site-packages'
[241.761s] Level 1:colcon.colcon_core.environment:checking '/home/hell0/microros_ws/src/install/micro_ros_agent/bin'
[241.761s] INFO:colcon.colcon_core.shell:Creating package script '/home/hell0/microros_ws/src/install/micro_ros_agent/share/micro_ros_agent/package.ps1'
[241.763s] INFO:colcon.colcon_core.shell:Creating package descriptor '/home/hell0/microros_ws/src/install/micro_ros_agent/share/micro_ros_agent/package.dsv'
[241.764s] INFO:colcon.colcon_core.shell:Creating package script '/home/hell0/microros_ws/src/install/micro_ros_agent/share/micro_ros_agent/package.sh'
[241.766s] INFO:colcon.colcon_core.shell:Creating package script '/home/hell0/microros_ws/src/install/micro_ros_agent/share/micro_ros_agent/package.bash'
[241.767s] INFO:colcon.colcon_core.shell:Creating package script '/home/hell0/microros_ws/src/install/micro_ros_agent/share/micro_ros_agent/package.zsh'
[241.768s] Level 1:colcon.colcon_core.environment:create_file_with_runtime_dependencies(/home/hell0/microros_ws/src/install/micro_ros_agent/share/colcon-core/packages/micro_ros_agent)
[241.769s] DEBUG:colcon.colcon_parallel_executor.executor.parallel:closing loop
[241.769s] DEBUG:colcon.colcon_parallel_executor.executor.parallel:loop closed
[241.769s] DEBUG:colcon.colcon_parallel_executor.executor.parallel:run_until_complete finished with '0'
[241.769s] DEBUG:colcon.colcon_core.event_reactor:joining thread
[241.786s] INFO:colcon.colcon_core.plugin_system:Skipping extension 'colcon_notification.desktop_notification.terminal_notifier': Not used on non-Darwin systems
[241.786s] INFO:colcon.colcon_core.plugin_system:Skipping extension 'colcon_notification.desktop_notification.win32': Not used on non-Windows systems
[241.786s] INFO:colcon.colcon_notification.desktop_notification:Sending desktop notification using 'notify2'
[241.819s] DEBUG:colcon.colcon_core.event_reactor:joined thread
[241.819s] INFO:colcon.colcon_core.shell:Creating prefix script '/home/hell0/microros_ws/src/install/local_setup.ps1'
[241.822s] INFO:colcon.colcon_core.shell:Creating prefix util module '/home/hell0/microros_ws/src/install/_local_setup_util_ps1.py'
[241.824s] INFO:colcon.colcon_core.shell:Creating prefix chain script '/home/hell0/microros_ws/src/install/setup.ps1'
[241.827s] INFO:colcon.colcon_core.shell:Creating prefix script '/home/hell0/microros_ws/src/install/local_setup.sh'
[241.829s] INFO:colcon.colcon_core.shell:Creating prefix util module '/home/hell0/microros_ws/src/install/_local_setup_util_sh.py'
[241.830s] INFO:colcon.colcon_core.shell:Creating prefix chain script '/home/hell0/microros_ws/src/install/setup.sh'
[241.832s] INFO:colcon.colcon_core.shell:Creating prefix script '/home/hell0/microros_ws/src/install/local_setup.bash'
[241.834s] INFO:colcon.colcon_core.shell:Creating prefix chain script '/home/hell0/microros_ws/src/install/setup.bash'
[241.836s] INFO:colcon.colcon_core.shell:Creating prefix script '/home/hell0/microros_ws/src/install/local_setup.zsh'
[241.837s] INFO:colcon.colcon_core.shell:Creating prefix chain script '/home/hell0/microros_ws/src/install/setup.zsh'
